apiVersion: rbac.authorization.k8s.io/v1
kind: Role
metadata:
  annotations: {}
  labels:
    name: use-nonroot-v2
  name: use-nonroot-v2
  namespace: syn-openshift
rules:
  - apiGroups:
      - security.openshift.io
    resourceNames:
      - nonroot-v2
    resources:
      - securitycontextconstraints
    verbs:
      - use
