apiVersion: rbac.authorization.k8s.io/v1
kind: RoleBinding
metadata:
  annotations:
    vcluster.syn.tools/description: Allow vcluster to sync pods with arbitrary nonroot
      users by allowing the default ServiceAccount to use the nonroot-v2 scc
  labels:
    name: vcluster-use-nonroot-v2
  name: vcluster-use-nonroot-v2
  namespace: syn-openshift
roleRef:
  apiGroup: rbac.authorization.k8s.io
  kind: Role
  name: use-nonroot-v2
subjects:
  - kind: ServiceAccount
    name: vc-openshift
    namespace: syn-openshift
