apiVersion: v1
kind: ServiceAccount
metadata:
  annotations: {}
  labels:
    name: vc-defaults
  name: vc-defaults
  namespace: syn-defaults
---
apiVersion: rbac.authorization.k8s.io/v1
kind: Role
metadata:
  annotations: {}
  labels:
    name: defaults
  name: defaults
  namespace: syn-defaults
rules:
  - apiGroups:
      - ''
    resources:
      - configmaps
      - secrets
      - services
      - pods
      - pods/attach
      - pods/portforward
      - pods/exec
      - endpoints
      - persistentvolumeclaims
    verbs:
      - create
      - delete
      - patch
      - update
      - get
      - list
      - watch
  - apiGroups:
      - ''
    resources:
      - events
      - pods/log
    verbs:
      - get
      - list
      - watch
  - apiGroups:
      - networking.k8s.io
    resources:
      - ingresses
    verbs:
      - create
      - delete
      - patch
      - update
      - get
      - list
      - watch
  - apiGroups:
      - apps
    resources:
      - statefulsets
      - replicasets
      - deployments
    verbs:
      - get
      - list
      - watch
---
apiVersion: rbac.authorization.k8s.io/v1
kind: RoleBinding
metadata:
  annotations: {}
  labels:
    name: defaults
  name: defaults
  namespace: syn-defaults
roleRef:
  apiGroup: rbac.authorization.k8s.io
  kind: Role
  name: defaults
subjects:
  - kind: ServiceAccount
    name: vc-defaults
    namespace: syn-defaults
---
apiVersion: rbac.authorization.k8s.io/v1
kind: ClusterRole
metadata:
  annotations: {}
  labels:
    name: syn-vcluster-defaults
  name: syn-vcluster-defaults
rules:
  - apiGroups:
      - networking.k8s.io
    resources:
      - ingressclasses
    verbs:
      - get
      - list
      - watch
---
apiVersion: rbac.authorization.k8s.io/v1
kind: ClusterRoleBinding
metadata:
  annotations: {}
  labels:
    name: syn-vcluster-defaults
  name: syn-vcluster-defaults
roleRef:
  apiGroup: rbac.authorization.k8s.io
  kind: ClusterRole
  name: syn-vcluster-defaults
subjects:
  - kind: ServiceAccount
    name: vc-defaults
    namespace: syn-defaults
---
apiVersion: v1
kind: Service
metadata:
  annotations: {}
  labels:
    name: defaults
  name: defaults
  namespace: syn-defaults
spec:
  ports:
    - name: https
      port: 443
      protocol: TCP
      targetPort: 8443
  selector:
    app: vcluster
    release: defaults
  type: ClusterIP
---
apiVersion: v1
kind: Service
metadata:
  annotations: {}
  labels:
    name: defaults-headless
  name: defaults-headless
  namespace: syn-defaults
spec:
  clusterIP: None
  ports:
    - name: https
      port: 443
      protocol: TCP
      targetPort: 8443
  selector:
    app: vcluster
    release: defaults
---
apiVersion: apps/v1
kind: StatefulSet
metadata:
  annotations: {}
  labels:
    name: defaults
  name: defaults
  namespace: syn-defaults
spec:
  replicas: 1
  selector:
    matchLabels:
      app: vcluster
      release: defaults
  serviceName: defaults-headless
  template:
    metadata:
      labels:
        app: vcluster
        release: defaults
    spec:
      affinity: {}
      containers:
        - args:
            - server
            - --write-kubeconfig=/data/k3s-config/kube-config.yaml
            - --data-dir=/data
            - --disable=traefik,servicelb,metrics-server,local-storage,coredns
            - --disable-network-policy
            - --disable-agent
            - --disable-scheduler
            - --disable-cloud-controller
            - --flannel-backend=none
            - --service-cidr=172.30.0.0/16
            - --kube-controller-manager-arg=controllers=*,-nodeipam,-nodelifecycle,-persistentvolume-binder,-attachdetach,-persistentvolume-expander,-cloud-node-lifecycle
            - --tls-san=defaults.syn-defaults.svc.cluster.local
            - --tls-san=defaults.syn-defaults.svc
            - --tls-san=defaults.syn-defaults
            - --tls-san=defaults
          command:
            - /bin/k3s
          env: []
          image: docker.io/rancher/k3s:v1.32.3-k3s1
          name: vcluster
          resources:
            limits:
              memory: 2Gi
            requests:
              cpu: 200m
              memory: 256Mi
          securityContext:
            allowPrivilegeEscalation: false
          volumeMounts:
            - mountPath: /data
              name: data
            - mountPath: /etc/rancher
              name: etc-rancher
        - args:
            - --name=defaults
            - --out-kube-config-secret=vc-defaults-kubeconfig
            - --sync=ingresses
            - --tls-san=defaults.syn-defaults.svc.cluster.local
            - --tls-san=defaults.syn-defaults.svc
            - --tls-san=defaults.syn-defaults
            - --tls-san=defaults
          env:
            - name: POD_IP
              valueFrom:
                fieldRef:
                  fieldPath: status.podIP
          image: docker.io/loftsh/vcluster:0.24.1
          livenessProbe:
            failureThreshold: 10
            httpGet:
              path: /healthz
              port: 8443
              scheme: HTTPS
            initialDelaySeconds: 60
            periodSeconds: 2
          name: syncer
          readinessProbe:
            failureThreshold: 30
            httpGet:
              path: /readyz
              port: 8443
              scheme: HTTPS
            periodSeconds: 2
          resources:
            limits:
              memory: 1Gi
            requests:
              cpu: 100m
              memory: 128Mi
          securityContext:
            allowPrivilegeEscalation: false
          volumeMounts:
            - mountPath: /data
              name: data
              readOnly: true
            - mountPath: /manifests/coredns
              name: coredns
              readOnly: true
      nodeSelector: {}
      serviceAccountName: vc-defaults
      terminationGracePeriodSeconds: 10
      tolerations: []
      volumes:
        - configMap:
            defaultMode: 420
            name: vc-defaults-coredns
          name: coredns
        - emptyDir: {}
          name: etc-rancher
  volumeClaimTemplates:
    - metadata:
        name: data
      spec:
        accessModes:
          - ReadWriteOnce
        resources:
          requests:
            storage: 5Gi
        storageClassName: null
---
apiVersion: v1
data:
  manifests: |+
    ---

kind: ConfigMap
metadata:
  annotations: {}
  labels:
    name: defaults-init-manifests
  name: defaults-init-manifests
  namespace: syn-defaults
---
apiVersion: v1
data:
  coredns.yaml: |
    apiVersion: v1
    kind: ServiceAccount
    metadata:
      name: coredns
      namespace: kube-system
    ---
    apiVersion: rbac.authorization.k8s.io/v1
    kind: ClusterRole
    metadata:
      labels:
        kubernetes.io/bootstrapping: rbac-defaults
      name: system:coredns
    rules:
      - apiGroups:
          - ""
        resources:
          - endpoints
          - services
          - pods
          - namespaces
        verbs:
          - list
          - watch
      - apiGroups:
          - discovery.k8s.io
        resources:
          - endpointslices
        verbs:
          - list
          - watch
    ---
    apiVersion: rbac.authorization.k8s.io/v1
    kind: ClusterRoleBinding
    metadata:
      annotations:
        rbac.authorization.kubernetes.io/autoupdate: "true"
      labels:
        kubernetes.io/bootstrapping: rbac-defaults
      name: system:coredns
    roleRef:
      apiGroup: rbac.authorization.k8s.io
      kind: ClusterRole
      name: system:coredns
    subjects:
      - kind: ServiceAccount
        name: coredns
        namespace: kube-system
    ---
    apiVersion: v1
    kind: ConfigMap
    metadata:
      name: coredns
      namespace: kube-system
    data:
      Corefile: |
        .:1053 {
            {{.LOG_IN_DEBUG}}
            errors
            health
            ready
            kubernetes cluster.local in-addr.arpa ip6.arpa {
              pods insecure
              fallthrough in-addr.arpa ip6.arpa
            }
            hosts /etc/coredns/NodeHosts {
              ttl 60
              reload 15s
              fallthrough
            }
            prometheus :9153
            forward . /etc/resolv.conf
            cache 30
            loop
            reload
            loadbalance
        }

        import /etc/coredns/custom/*.server
      NodeHosts: ""
    ---
    apiVersion: apps/v1
    kind: Deployment
    metadata:
      name: coredns
      namespace: kube-system
      labels:
        k8s-app: kube-dns
        kubernetes.io/name: "CoreDNS"
    spec:
      replicas: 1
      strategy:
        type: RollingUpdate
        rollingUpdate:
          maxUnavailable: 1
      selector:
        matchLabels:
          k8s-app: kube-dns
      template:
        metadata:
          labels:
            k8s-app: kube-dns
        spec:
          priorityClassName: "system-cluster-critical"
          serviceAccountName: coredns
          nodeSelector:
            kubernetes.io/os: linux
          topologySpreadConstraints:
            - maxSkew: 1
              topologyKey: kubernetes.io/hostname
              whenUnsatisfiable: DoNotSchedule
              labelSelector:
                matchLabels:
                  k8s-app: kube-dns
          containers:
            - name: coredns
              image: {{.IMAGE}}
              imagePullPolicy: IfNotPresent
              resources:
                limits:
                  cpu: 1000m
                  memory: 170Mi
                requests:
                  cpu: 100m
                  memory: 70Mi
              args: [ "-conf", "/etc/coredns/Corefile" ]
              volumeMounts:
                - name: config-volume
                  mountPath: /etc/coredns
                  readOnly: true
                - name: custom-config-volume
                  mountPath: /etc/coredns/custom
                  readOnly: true
              ports:
                - containerPort: 1053
                  name: dns
                  protocol: UDP
                - containerPort: 1053
                  name: dns-tcp
                  protocol: TCP
                - containerPort: 9153
                  name: metrics
                  protocol: TCP
              securityContext:
                runAsNonRoot: true
                runAsUser: {{.RUN_AS_USER}}
                runAsGroup: {{.RUN_AS_GROUP}}
                allowPrivilegeEscalation: false
                capabilities:
                  drop:
                    - ALL
                readOnlyRootFilesystem: true
              livenessProbe:
                httpGet:
                  path: /health
                  port: 8080
                  scheme: HTTP
                initialDelaySeconds: 60
                periodSeconds: 10
                timeoutSeconds: 1
                successThreshold: 1
                failureThreshold: 3
              readinessProbe:
                httpGet:
                  path: /ready
                  port: 8181
                  scheme: HTTP
                initialDelaySeconds: 0
                periodSeconds: 2
                timeoutSeconds: 1
                successThreshold: 1
                failureThreshold: 3
          dnsPolicy: Default
          volumes:
            - name: config-volume
              configMap:
                name: coredns
                items:
                  - key: Corefile
                    path: Corefile
                  - key: NodeHosts
                    path: NodeHosts
            - name: custom-config-volume
              configMap:
                name: coredns-custom
                optional: true
    ---
    apiVersion: v1
    kind: Service
    metadata:
      name: kube-dns
      namespace: kube-system
      annotations:
        prometheus.io/port: "9153"
        prometheus.io/scrape: "true"
      labels:
        k8s-app: kube-dns
        kubernetes.io/cluster-service: "true"
        kubernetes.io/name: "CoreDNS"
    spec:
      selector:
        k8s-app: kube-dns
      type: ClusterIP
      ports:
        - name: dns
          port: 53
          targetPort: 1053
          protocol: UDP
        - name: dns-tcp
          port: 53
          targetPort: 1053
          protocol: TCP
        - name: metrics
          port: 9153
          protocol: TCP
kind: ConfigMap
metadata:
  annotations: {}
  labels:
    name: vc-defaults-coredns
  name: vc-defaults-coredns
  namespace: syn-defaults
