apiVersion: v1
data:
  config.yaml: Y29udHJvbFBsYW5lOgogIGFkdmFuY2VkOgogICAgY2xvdWRDb250cm9sbGVyTWFuYWdlcjoKICAgICAgZW5hYmxlZDogdHJ1ZQogICAgZGVmYXVsdEltYWdlUmVnaXN0cnk6ICIiCiAgICBnbG9iYWxNZXRhZGF0YToKICAgICAgYW5ub3RhdGlvbnM6IHt9CiAgICBoZWFkbGVzc1NlcnZpY2U6CiAgICAgIGFubm90YXRpb25zOiB7fQogICAgICBsYWJlbHM6IHt9CiAgICBrb25uZWN0aXZpdHk6CiAgICAgIGFnZW50OgogICAgICAgIGVuYWJsZWQ6IHRydWUKICAgICAgICBleHRyYUFyZ3M6IFtdCiAgICAgICAgZXh0cmFFbnY6IFtdCiAgICAgICAgaW1hZ2U6ICIiCiAgICAgICAgaW1hZ2VQdWxsUG9saWN5OiAiIgogICAgICAgIG5vZGVTZWxlY3Rvcjoge30KICAgICAgICByZXBsaWNhczogMQogICAgICAgIHRvbGVyYXRpb25zOiBbXQogICAgICBzZXJ2ZXI6CiAgICAgICAgZW5hYmxlZDogdHJ1ZQogICAgICAgIGV4dHJhQXJnczogW10KICAgIHJlZ2lzdHJ5OgogICAgICBhbm9ueW1vdXNQdWxsOiB0cnVlCiAgICAgIGNvbmZpZzoge30KICAgICAgZW5hYmxlZDogZmFsc2UKICAgIHNlcnZpY2VBY2NvdW50OgogICAgICBhbm5vdGF0aW9uczoge30KICAgICAgZW5hYmxlZDogdHJ1ZQogICAgICBpbWFnZVB1bGxTZWNyZXRzOiBbXQogICAgICBsYWJlbHM6IHt9CiAgICAgIG5hbWU6ICIiCiAgICB2aXJ0dWFsU2NoZWR1bGVyOgogICAgICBlbmFibGVkOiBmYWxzZQogICAgd29ya2xvYWRTZXJ2aWNlQWNjb3VudDoKICAgICAgYW5ub3RhdGlvbnM6IHt9CiAgICAgIGVuYWJsZWQ6IHRydWUKICAgICAgaW1hZ2VQdWxsU2VjcmV0czogW10KICAgICAgbGFiZWxzOiB7fQogICAgICBuYW1lOiAiIgogIGJhY2tpbmdTdG9yZToKICAgIGRhdGFiYXNlOgogICAgICBlbWJlZGRlZDoKICAgICAgICBlbmFibGVkOiBmYWxzZQogICAgICAgIGV4dHJhQXJnczogW10KICAgICAgZXh0ZXJuYWw6CiAgICAgICAgY2FGaWxlOiAiIgogICAgICAgIGNlcnRGaWxlOiAiIgogICAgICAgIGNvbm5lY3RvcjogIiIKICAgICAgICBkYXRhU291cmNlOiAiIgogICAgICAgIGVuYWJsZWQ6IGZhbHNlCiAgICAgICAgZXh0cmFBcmdzOiBbXQogICAgICAgIGtleUZpbGU6ICIiCiAgICBldGNkOgogICAgICBkZXBsb3k6CiAgICAgICAgZW5hYmxlZDogZmFsc2UKICAgICAgICBoZWFkbGVzc1NlcnZpY2U6CiAgICAgICAgICBhbm5vdGF0aW9uczoge30KICAgICAgICBzZXJ2aWNlOgogICAgICAgICAgYW5ub3RhdGlvbnM6IHt9CiAgICAgICAgICBlbmFibGVkOiB0cnVlCiAgICAgICAgc3RhdGVmdWxTZXQ6CiAgICAgICAgICBhbm5vdGF0aW9uczoge30KICAgICAgICAgIGVuYWJsZVNlcnZpY2VMaW5rczogdHJ1ZQogICAgICAgICAgZW5hYmxlZDogdHJ1ZQogICAgICAgICAgZW52OiBbXQogICAgICAgICAgZXh0cmFBcmdzOiBbXQogICAgICAgICAgaGlnaEF2YWlsYWJpbGl0eToKICAgICAgICAgICAgcmVwbGljYXM6IDEKICAgICAgICAgIGltYWdlOgogICAgICAgICAgICByZWdpc3RyeTogcmVnaXN0cnkuazhzLmlvCiAgICAgICAgICAgIHJlcG9zaXRvcnk6IGV0Y2QKICAgICAgICAgICAgdGFnOiAzLjYuNC0wCiAgICAgICAgICBpbWFnZVB1bGxQb2xpY3k6ICIiCiAgICAgICAgICBsYWJlbHM6IHt9CiAgICAgICAgICBwZXJzaXN0ZW5jZToKICAgICAgICAgICAgYWRkVm9sdW1lTW91bnRzOiBbXQogICAgICAgICAgICBhZGRWb2x1bWVzOiBbXQogICAgICAgICAgICB2b2x1bWVDbGFpbToKICAgICAgICAgICAgICBhY2Nlc3NNb2RlczoKICAgICAgICAgICAgICAtIFJlYWRXcml0ZU9uY2UKICAgICAgICAgICAgICBlbmFibGVkOiB0cnVlCiAgICAgICAgICAgICAgcmV0ZW50aW9uUG9saWN5OiBSZXRhaW4KICAgICAgICAgICAgICBzaXplOiA1R2kKICAgICAgICAgICAgICBzdG9yYWdlQ2xhc3M6ICIiCiAgICAgICAgICAgIHZvbHVtZUNsYWltVGVtcGxhdGVzOiBbXQogICAgICAgICAgcG9kczoKICAgICAgICAgICAgYW5ub3RhdGlvbnM6IHt9CiAgICAgICAgICAgIGxhYmVsczoge30KICAgICAgICAgIHJlc291cmNlczoKICAgICAgICAgICAgcmVxdWVzdHM6CiAgICAgICAgICAgICAgY3B1OiAyMG0KICAgICAgICAgICAgICBtZW1vcnk6IDE1ME1pCiAgICAgICAgICBzY2hlZHVsaW5nOgogICAgICAgICAgICBhZmZpbml0eToge30KICAgICAgICAgICAgbm9kZVNlbGVjdG9yOiB7fQogICAgICAgICAgICBwb2RNYW5hZ2VtZW50UG9saWN5OiBQYXJhbGxlbAogICAgICAgICAgICBwcmlvcml0eUNsYXNzTmFtZTogIiIKICAgICAgICAgICAgdG9sZXJhdGlvbnM6IFtdCiAgICAgICAgICAgIHRvcG9sb2d5U3ByZWFkQ29uc3RyYWludHM6IFtdCiAgICAgICAgICBzZWN1cml0eToKICAgICAgICAgICAgY29udGFpbmVyU2VjdXJpdHlDb250ZXh0OiB7fQogICAgICAgICAgICBwb2RTZWN1cml0eUNvbnRleHQ6IHt9CiAgICAgIGVtYmVkZGVkOgogICAgICAgIGVuYWJsZWQ6IGZhbHNlCiAgICAgICAgZXh0cmFBcmdzOiBbXQogICAgICAgIG1pZ3JhdGVGcm9tRGVwbG95ZWRFdGNkOiBmYWxzZQogICAgICBleHRlcm5hbDoKICAgICAgICBlbmFibGVkOiBmYWxzZQogICAgICAgIGVuZHBvaW50OiAiIgogICAgICAgIHRsczoKICAgICAgICAgIGNhRmlsZTogIiIKICAgICAgICAgIGNlcnRGaWxlOiAiIgogICAgICAgICAga2V5RmlsZTogIiIKICBjb3JlZG5zOgogICAgZGVwbG95bWVudDoKICAgICAgYWZmaW5pdHk6IHt9CiAgICAgIGFubm90YXRpb25zOiB7fQogICAgICBpbWFnZTogIiIKICAgICAgbGFiZWxzOiB7fQogICAgICBub2RlU2VsZWN0b3I6IHt9CiAgICAgIHBvZHM6CiAgICAgICAgYW5ub3RhdGlvbnM6IHt9CiAgICAgICAgbGFiZWxzOiB7fQogICAgICByZXBsaWNhczogMQogICAgICByZXNvdXJjZXM6CiAgICAgICAgbGltaXRzOgogICAgICAgICAgY3B1OiAxMDAwbQogICAgICAgICAgbWVtb3J5OiAxNzBNaQogICAgICAgIHJlcXVlc3RzOgogICAgICAgICAgY3B1OiAyMG0KICAgICAgICAgIG1lbW9yeTogNjRNaQogICAgICB0b2xlcmF0aW9uczogW10KICAgICAgdG9wb2xvZ3lTcHJlYWRDb25zdHJhaW50czoKICAgICAgLSBsYWJlbFNlbGVjdG9yOgogICAgICAgICAgbWF0Y2hMYWJlbHM6CiAgICAgICAgICAgIGs4cy1hcHA6IHZjbHVzdGVyLWt1YmUtZG5zCiAgICAgICAgbWF4U2tldzogMQogICAgICAgIHRvcG9sb2d5S2V5OiBrdWJlcm5ldGVzLmlvL2hvc3RuYW1lCiAgICAgICAgd2hlblVuc2F0aXNmaWFibGU6IERvTm90U2NoZWR1bGUKICAgIGVtYmVkZGVkOiBmYWxzZQogICAgZW5hYmxlZDogdHJ1ZQogICAgb3ZlcndyaXRlQ29uZmlnOiAiIgogICAgb3ZlcndyaXRlTWFuaWZlc3RzOiAiIgogICAgcHJpb3JpdHlDbGFzc05hbWU6ICIiCiAgICBzZWN1cml0eToKICAgICAgY29udGFpbmVyU2VjdXJpdHlDb250ZXh0OiB7fQogICAgICBwb2RTZWN1cml0eUNvbnRleHQ6IHt9CiAgICBzZXJ2aWNlOgogICAgICBhbm5vdGF0aW9uczoge30KICAgICAgbGFiZWxzOiB7fQogICAgICBzcGVjOgogICAgICAgIHR5cGU6IENsdXN0ZXJJUAogIGRpc3RybzoKICAgIGszczoKICAgICAgY29tbWFuZDogW10KICAgICAgZW5hYmxlZDogZmFsc2UKICAgICAgZXh0cmFBcmdzOiBbXQogICAgICBpbWFnZToKICAgICAgICByZWdpc3RyeTogIiIKICAgICAgICByZXBvc2l0b3J5OiByYW5jaGVyL2szcwogICAgICAgIHRhZzogdjEuMzMuMy1rM3MxCiAgICAgIGltYWdlUHVsbFBvbGljeTogIiIKICAgICAgcmVzb3VyY2VzOgogICAgICAgIGxpbWl0czoKICAgICAgICAgIGNwdTogMTAwbQogICAgICAgICAgbWVtb3J5OiAyNTZNaQogICAgICAgIHJlcXVlc3RzOgogICAgICAgICAgY3B1OiA0MG0KICAgICAgICAgIG1lbW9yeTogNjRNaQogICAgICBzZWN1cml0eUNvbnRleHQ6IHt9CiAgICBrOHM6CiAgICAgIGFwaVNlcnZlcjoKICAgICAgICBjb21tYW5kOiBbXQogICAgICAgIGVuYWJsZWQ6IHRydWUKICAgICAgICBleHRyYUFyZ3M6IFtdCiAgICAgIGNvbnRyb2xsZXJNYW5hZ2VyOgogICAgICAgIGNvbW1hbmQ6IFtdCiAgICAgICAgZW5hYmxlZDogdHJ1ZQogICAgICAgIGV4dHJhQXJnczogW10KICAgICAgZW5hYmxlZDogdHJ1ZQogICAgICBlbnY6IFtdCiAgICAgIGltYWdlOgogICAgICAgIHJlZ2lzdHJ5OiBnaGNyLmlvCiAgICAgICAgcmVwb3NpdG9yeTogbG9mdC1zaC9rdWJlcm5ldGVzCiAgICAgICAgdGFnOiB2MS4zNC4xCiAgICAgIGltYWdlUHVsbFBvbGljeTogIiIKICAgICAgcmVzb3VyY2VzOgogICAgICAgIGxpbWl0czoKICAgICAgICAgIGNwdTogMTAwbQogICAgICAgICAgbWVtb3J5OiAyNTZNaQogICAgICAgIHJlcXVlc3RzOgogICAgICAgICAgY3B1OiA0MG0KICAgICAgICAgIG1lbW9yeTogNjRNaQogICAgICBzY2hlZHVsZXI6CiAgICAgICAgY29tbWFuZDogW10KICAgICAgICBlbmFibGVkOiBmYWxzZQogICAgICAgIGV4dHJhQXJnczogW10KICAgICAgc2VjdXJpdHlDb250ZXh0OiB7fQogICAgICB2ZXJzaW9uOiAiIgogIGluZ3Jlc3M6CiAgICBhbm5vdGF0aW9uczoKICAgICAgY2VydC1tYW5hZ2VyLmlvL2NsdXN0ZXItaXNzdWVyOiBsZXRzZW5jcnlwdC1wcm9kdWN0aW9uCiAgICAgIG5naW54LmluZ3Jlc3Mua3ViZXJuZXRlcy5pby9iYWNrZW5kLXByb3RvY29sOiBIVFRQUwogICAgICBuZ2lueC5pbmdyZXNzLmt1YmVybmV0ZXMuaW8vc3NsLXBhc3N0aHJvdWdoOiAidHJ1ZSIKICAgICAgbmdpbnguaW5ncmVzcy5rdWJlcm5ldGVzLmlvL3NzbC1yZWRpcmVjdDogInRydWUiCiAgICBlbmFibGVkOiB0cnVlCiAgICBsYWJlbHM6IHt9CiAgICBwYXRoVHlwZTogSW1wbGVtZW50YXRpb25TcGVjaWZpYwogICAgc3BlYzoKICAgICAgdGxzOgogICAgICAtIGhvc3RzOgogICAgICAgIC0gbnVsbAogICAgICAgIHNlY3JldE5hbWU6IG9wZW5zaGlmdC10bHMKICBwcm94eToKICAgIGJpbmRBZGRyZXNzOiAwLjAuMC4wCiAgICBleHRyYVNBTnM6IFtdCiAgICBwb3J0OiA4NDQzCiAgc2VydmljZToKICAgIGFubm90YXRpb25zOiB7fQogICAgZW5hYmxlZDogdHJ1ZQogICAgaHR0cHNOb2RlUG9ydDogMAogICAga3ViZWxldE5vZGVQb3J0OiAwCiAgICBsYWJlbHM6IHt9CiAgICBzcGVjOgogICAgICB0eXBlOiBDbHVzdGVySVAKICBzZXJ2aWNlTW9uaXRvcjoKICAgIGFubm90YXRpb25zOiB7fQogICAgZW5hYmxlZDogZmFsc2UKICAgIGxhYmVsczoge30KICBzdGFuZGFsb25lOgogICAgZGF0YURpcjogL3Zhci9saWIvdmNsdXN0ZXIKICAgIGpvaW5Ob2RlOgogICAgICBjb250YWluZXJkOgogICAgICAgIGVuYWJsZWQ6IHRydWUKICAgICAgZW5hYmxlZDogdHJ1ZQogIHN0YXRlZnVsU2V0OgogICAgYW5ub3RhdGlvbnM6IHt9CiAgICBhcmdzOiBbXQogICAgY29tbWFuZDogW10KICAgIGVuYWJsZVNlcnZpY2VMaW5rczogdHJ1ZQogICAgZW52OiBbXQogICAgaGlnaEF2YWlsYWJpbGl0eToKICAgICAgbGVhc2VEdXJhdGlvbjogNjAKICAgICAgcmVuZXdEZWFkbGluZTogNDAKICAgICAgcmVwbGljYXM6IDEKICAgICAgcmV0cnlQZXJpb2Q6IDE1CiAgICBpbWFnZToKICAgICAgcmVnaXN0cnk6IGdoY3IuaW8KICAgICAgcmVwb3NpdG9yeTogbG9mdC1zaC92Y2x1c3Rlci1vc3MKICAgICAgdGFnOiAwLjI5LjEKICAgIGltYWdlUHVsbFBvbGljeTogIiIKICAgIGxhYmVsczoge30KICAgIHBlcnNpc3RlbmNlOgogICAgICBhZGRWb2x1bWVNb3VudHM6IFtdCiAgICAgIGFkZFZvbHVtZXM6IFtdCiAgICAgIGJpbmFyaWVzVm9sdW1lOgogICAgICAtIGVtcHR5RGlyOiB7fQogICAgICAgIG5hbWU6IGJpbmFyaWVzCiAgICAgIGRhdGFWb2x1bWU6IFtdCiAgICAgIHZvbHVtZUNsYWltOgogICAgICAgIGFjY2Vzc01vZGVzOgogICAgICAgIC0gUmVhZFdyaXRlT25jZQogICAgICAgIGVuYWJsZWQ6IGF1dG8KICAgICAgICByZXRlbnRpb25Qb2xpY3k6IFJldGFpbgogICAgICAgIHNpemU6IDVHaQogICAgICB2b2x1bWVDbGFpbVRlbXBsYXRlczogW10KICAgIHBvZHM6CiAgICAgIGFubm90YXRpb25zOiB7fQogICAgICBsYWJlbHM6IHt9CiAgICBwcm9iZXM6CiAgICAgIGxpdmVuZXNzUHJvYmU6CiAgICAgICAgZW5hYmxlZDogdHJ1ZQogICAgICAgIGZhaWx1cmVUaHJlc2hvbGQ6IDYwCiAgICAgICAgaW5pdGlhbERlbGF5U2Vjb25kczogNjAKICAgICAgICBwZXJpb2RTZWNvbmRzOiAyCiAgICAgICAgdGltZW91dFNlY29uZHM6IDMKICAgICAgcmVhZGluZXNzUHJvYmU6CiAgICAgICAgZW5hYmxlZDogdHJ1ZQogICAgICAgIGZhaWx1cmVUaHJlc2hvbGQ6IDYwCiAgICAgICAgcGVyaW9kU2Vjb25kczogMgogICAgICAgIHRpbWVvdXRTZWNvbmRzOiAzCiAgICAgIHN0YXJ0dXBQcm9iZToKICAgICAgICBlbmFibGVkOiB0cnVlCiAgICAgICAgZmFpbHVyZVRocmVzaG9sZDogMzAwCiAgICAgICAgcGVyaW9kU2Vjb25kczogNgogICAgICAgIHRpbWVvdXRTZWNvbmRzOiAzCiAgICByZXNvdXJjZXM6CiAgICAgIGxpbWl0czoKICAgICAgICBlcGhlbWVyYWwtc3RvcmFnZTogOEdpCiAgICAgICAgbWVtb3J5OiAyR2kKICAgICAgcmVxdWVzdHM6CiAgICAgICAgY3B1OiAyMDBtCiAgICAgICAgZXBoZW1lcmFsLXN0b3JhZ2U6IDFHaQogICAgICAgIG1lbW9yeTogMjU2TWkKICAgIHNjaGVkdWxpbmc6CiAgICAgIGFmZmluaXR5OiB7fQogICAgICBub2RlU2VsZWN0b3I6IHt9CiAgICAgIHBvZE1hbmFnZW1lbnRQb2xpY3k6IFBhcmFsbGVsCiAgICAgIHByaW9yaXR5Q2xhc3NOYW1lOiAiIgogICAgICB0b2xlcmF0aW9uczogW10KICAgICAgdG9wb2xvZ3lTcHJlYWRDb25zdHJhaW50czogW10KICAgIHNlY3VyaXR5OgogICAgICBjb250YWluZXJTZWN1cml0eUNvbnRleHQ6CiAgICAgICAgYWxsb3dQcml2aWxlZ2VFc2NhbGF0aW9uOiBmYWxzZQogICAgICBwb2RTZWN1cml0eUNvbnRleHQ6IHt9CiAgICB3b3JraW5nRGlyOiAiIgpkZXBsb3k6CiAgY25pOgogICAgZmxhbm5lbDoKICAgICAgZW5hYmxlZDogdHJ1ZQogIGluZ3Jlc3NOZ2lueDoKICAgIGRlZmF1bHRJbmdyZXNzQ2xhc3M6IHRydWUKICAgIGVuYWJsZWQ6IGZhbHNlCiAga3ViZVByb3h5OgogICAgY29uZmlnOiB7fQogICAgZW5hYmxlZDogdHJ1ZQogICAgZXh0cmFBcmdzOiBbXQogICAgZXh0cmFFbnY6IFtdCiAgICBpbWFnZTogIiIKICAgIGltYWdlUHVsbFBvbGljeTogIiIKICAgIG5vZGVTZWxlY3Rvcjoge30KICAgIHRvbGVyYXRpb25zOiBbXQogIGxvY2FsUGF0aFByb3Zpc2lvbmVyOgogICAgZW5hYmxlZDogdHJ1ZQogIG1ldGFsbGI6CiAgICBlbmFibGVkOiBmYWxzZQogICAgaXBBZGRyZXNzUG9vbDoKICAgICAgYWRkcmVzc2VzOiBbXQogICAgICBsMkFkdmVydGlzZW1lbnQ6IHRydWUKICBtZXRyaWNzU2VydmVyOgogICAgZW5hYmxlZDogZmFsc2UKICB2b2x1bWVTbmFwc2hvdENvbnRyb2xsZXI6CiAgICBlbmFibGVkOiBmYWxzZQpleHBlcmltZW50YWw6CiAgZGVwbG95OgogICAgaG9zdDoKICAgICAgbWFuaWZlc3RzOiAiIgogICAgICBtYW5pZmVzdHNUZW1wbGF0ZTogIiIKICAgIHZjbHVzdGVyOgogICAgICBoZWxtOiBbXQogICAgICBtYW5pZmVzdHM6ICIiCiAgICAgIG1hbmlmZXN0c1RlbXBsYXRlOiAiIgogIHN5bmNTZXR0aW5nczoKICAgIHNldE93bmVyOiB0cnVlCmV4cG9ydEt1YmVDb25maWc6CiAgY29udGV4dDogIiIKICBpbnNlY3VyZTogZmFsc2UKICBzZWNyZXQ6CiAgICBuYW1lOiAiIgogICAgbmFtZXNwYWNlOiAiIgogIHNlcnZlcjogaHR0cHM6Ly9Ob25lCiAgc2VydmljZUFjY291bnQ6CiAgICBjbHVzdGVyUm9sZTogY2x1c3Rlci1hZG1pbgogICAgbmFtZTogb3BlbnNoaWZ0LWFkbWluCiAgICBuYW1lc3BhY2U6ICIiCmV4dGVybmFsOiB7fQppbnRlZ3JhdGlvbnM6CiAgY2VydE1hbmFnZXI6CiAgICBlbmFibGVkOiBmYWxzZQogICAgc3luYzoKICAgICAgZnJvbUhvc3Q6CiAgICAgICAgY2x1c3Rlcklzc3VlcnM6CiAgICAgICAgICBlbmFibGVkOiB0cnVlCiAgICAgICAgICBzZWxlY3RvcjoKICAgICAgICAgICAgbGFiZWxzOiB7fQogICAgICB0b0hvc3Q6CiAgICAgICAgY2VydGlmaWNhdGVzOgogICAgICAgICAgZW5hYmxlZDogdHJ1ZQogICAgICAgIGlzc3VlcnM6CiAgICAgICAgICBlbmFibGVkOiB0cnVlCiAgZXh0ZXJuYWxTZWNyZXRzOgogICAgZW5hYmxlZDogZmFsc2UKICAgIHN5bmM6CiAgICAgIGZyb21Ib3N0OgogICAgICAgIGNsdXN0ZXJTdG9yZXM6CiAgICAgICAgICBlbmFibGVkOiBmYWxzZQogICAgICAgICAgc2VsZWN0b3I6CiAgICAgICAgICAgIG1hdGNoTGFiZWxzOiB7fQogICAgICB0b0hvc3Q6CiAgICAgICAgZXh0ZXJuYWxTZWNyZXRzOgogICAgICAgICAgc2VsZWN0b3I6CiAgICAgICAgICAgIG1hdGNoTGFiZWxzOiB7fQogICAgICAgIHN0b3JlczoKICAgICAgICAgIGVuYWJsZWQ6IGZhbHNlCiAgICAgICAgICBzZWxlY3RvcjoKICAgICAgICAgICAgbWF0Y2hMYWJlbHM6IHt9CiAgICB3ZWJob29rOgogICAgICBlbmFibGVkOiBmYWxzZQogIGlzdGlvOgogICAgZW5hYmxlZDogZmFsc2UKICAgIHN5bmM6CiAgICAgIHRvSG9zdDoKICAgICAgICBkZXN0aW5hdGlvblJ1bGVzOgogICAgICAgICAgZW5hYmxlZDogdHJ1ZQogICAgICAgIGdhdGV3YXlzOgogICAgICAgICAgZW5hYmxlZDogdHJ1ZQogICAgICAgIHZpcnR1YWxTZXJ2aWNlczoKICAgICAgICAgIGVuYWJsZWQ6IHRydWUKICBrdWJlVmlydDoKICAgIGVuYWJsZWQ6IGZhbHNlCiAgICBzeW5jOgogICAgICBkYXRhVm9sdW1lczoKICAgICAgICBlbmFibGVkOiBmYWxzZQogICAgICB2aXJ0dWFsTWFjaGluZUNsb25lczoKICAgICAgICBlbmFibGVkOiB0cnVlCiAgICAgIHZpcnR1YWxNYWNoaW5lSW5zdGFuY2VNaWdyYXRpb25zOgogICAgICAgIGVuYWJsZWQ6IHRydWUKICAgICAgdmlydHVhbE1hY2hpbmVJbnN0YW5jZXM6CiAgICAgICAgZW5hYmxlZDogdHJ1ZQogICAgICB2aXJ0dWFsTWFjaGluZVBvb2xzOgogICAgICAgIGVuYWJsZWQ6IHRydWUKICAgICAgdmlydHVhbE1hY2hpbmVzOgogICAgICAgIGVuYWJsZWQ6IHRydWUKICAgIHdlYmhvb2s6CiAgICAgIGVuYWJsZWQ6IHRydWUKICBtZXRyaWNzU2VydmVyOgogICAgZW5hYmxlZDogZmFsc2UKICAgIG5vZGVzOiB0cnVlCiAgICBwb2RzOiB0cnVlCmxvZ2dpbmc6CiAgZW5jb2Rpbmc6IGNvbnNvbGUKbmV0d29ya2luZzoKICBhZHZhbmNlZDoKICAgIGNsdXN0ZXJEb21haW46IGNsdXN0ZXIubG9jYWwKICAgIGZhbGxiYWNrSG9zdENsdXN0ZXI6IGZhbHNlCiAgICBwcm94eUt1YmVsZXRzOgogICAgICBieUhvc3RuYW1lOiB0cnVlCiAgICAgIGJ5SVA6IHRydWUKICBwb2RDSURSOiAxMC4yNDQuMC4wLzE2CiAgcmVwbGljYXRlU2VydmljZXM6CiAgICBmcm9tSG9zdDogW10KICAgIHRvSG9zdDogW10KICByZXNvbHZlRE5TOiBbXQpwbHVnaW5zOiB7fQpwb2xpY2llczoKICBjZW50cmFsQWRtaXNzaW9uOgogICAgbXV0YXRpbmdXZWJob29rczogW10KICAgIHZhbGlkYXRpbmdXZWJob29rczogW10KICBsaW1pdFJhbmdlOgogICAgYW5ub3RhdGlvbnM6IHt9CiAgICBkZWZhdWx0OgogICAgICBjcHU6ICIxIgogICAgICBlcGhlbWVyYWwtc3RvcmFnZTogOEdpCiAgICAgIG1lbW9yeTogNTEyTWkKICAgIGRlZmF1bHRSZXF1ZXN0OgogICAgICBjcHU6IDEwMG0KICAgICAgZXBoZW1lcmFsLXN0b3JhZ2U6IDNHaQogICAgICBtZW1vcnk6IDEyOE1pCiAgICBlbmFibGVkOiBhdXRvCiAgICBsYWJlbHM6IHt9CiAgICBtYXg6IHt9CiAgICBtaW46IHt9CiAgbmV0d29ya1BvbGljeToKICAgIGFubm90YXRpb25zOiB7fQogICAgZW5hYmxlZDogZmFsc2UKICAgIGV4dHJhQ29udHJvbFBsYW5lUnVsZXM6IFtdCiAgICBleHRyYVdvcmtsb2FkUnVsZXM6IFtdCiAgICBmYWxsYmFja0RuczogOC44LjguOAogICAgbGFiZWxzOiB7fQogICAgb3V0Z29pbmdDb25uZWN0aW9uczoKICAgICAgaXBCbG9jazoKICAgICAgICBjaWRyOiAwLjAuMC4wLzAKICAgICAgICBleGNlcHQ6CiAgICAgICAgLSAxMDAuNjQuMC4wLzEwCiAgICAgICAgLSAxMjcuMC4wLjAvOAogICAgICAgIC0gMTAuMC4wLjAvOAogICAgICAgIC0gMTcyLjE2LjAuMC8xMgogICAgICAgIC0gMTkyLjE2OC4wLjAvMTYKICAgICAgcGxhdGZvcm06IHRydWUKICByZXNvdXJjZVF1b3RhOgogICAgYW5ub3RhdGlvbnM6IHt9CiAgICBlbmFibGVkOiBhdXRvCiAgICBsYWJlbHM6IHt9CiAgICBxdW90YToKICAgICAgY291bnQvY29uZmlnbWFwczogMTAwCiAgICAgIGNvdW50L2VuZHBvaW50czogNDAKICAgICAgY291bnQvcGVyc2lzdGVudHZvbHVtZWNsYWltczogMjAKICAgICAgY291bnQvcG9kczogMjAKICAgICAgY291bnQvc2VjcmV0czogMTAwCiAgICAgIGNvdW50L3NlcnZpY2VzOiAyMAogICAgICBsaW1pdHMuY3B1OiAyMAogICAgICBsaW1pdHMuZXBoZW1lcmFsLXN0b3JhZ2U6IDE2MEdpCiAgICAgIGxpbWl0cy5tZW1vcnk6IDQwR2kKICAgICAgcmVxdWVzdHMuY3B1OiAxMAogICAgICByZXF1ZXN0cy5lcGhlbWVyYWwtc3RvcmFnZTogNjBHaQogICAgICByZXF1ZXN0cy5tZW1vcnk6IDIwR2kKICAgICAgcmVxdWVzdHMuc3RvcmFnZTogMTAwR2kKICAgICAgc2VydmljZXMubG9hZGJhbGFuY2VyczogMQogICAgICBzZXJ2aWNlcy5ub2RlcG9ydHM6IDAKICAgIHNjb3BlU2VsZWN0b3I6CiAgICAgIG1hdGNoRXhwcmVzc2lvbnM6IFtdCiAgICBzY29wZXM6IFtdCnByaXZhdGVOb2RlczoKICBhdXRvTm9kZXM6CiAgICBkeW5hbWljOiBbXQogICAgc3RhdGljOiBbXQogIGF1dG9VcGdyYWRlOgogICAgY29uY3VycmVuY3k6IDEKICAgIGVuYWJsZWQ6IHRydWUKICBlbmFibGVkOiBmYWxzZQogIGpvaW5Ob2RlOgogICAgY29udGFpbmVyZDoKICAgICAgZW5hYmxlZDogdHJ1ZQogIGt1YmVsZXQ6CiAgICBjb25maWc6IHt9CiAgdnBuOgogICAgZW5hYmxlZDogZmFsc2UKICAgIG5vZGVUb05vZGU6CiAgICAgIGVuYWJsZWQ6IGZhbHNlCnJiYWM6CiAgY2x1c3RlclJvbGU6CiAgICBlbmFibGVkOiBhdXRvCiAgICBleHRyYVJ1bGVzOiBbXQogICAgb3ZlcndyaXRlUnVsZXM6IFtdCiAgcm9sZToKICAgIGVuYWJsZWQ6IHRydWUKICAgIGV4dHJhUnVsZXM6CiAgICAtIGFwaUdyb3VwczoKICAgICAgLSAiIgogICAgICByZXNvdXJjZXM6CiAgICAgIC0gZW5kcG9pbnRzL3Jlc3RyaWN0ZWQKICAgICAgdmVyYnM6CiAgICAgIC0gY3JlYXRlCiAgICBvdmVyd3JpdGVSdWxlczogW10Kc3luYzoKICBmcm9tSG9zdDoKICAgIGNvbmZpZ01hcHM6CiAgICAgIGVuYWJsZWQ6IGZhbHNlCiAgICAgIG1hcHBpbmdzOgogICAgICAgIGJ5TmFtZToge30KICAgIGNzaURyaXZlcnM6CiAgICAgIGVuYWJsZWQ6IGF1dG8KICAgIGNzaU5vZGVzOgogICAgICBlbmFibGVkOiBhdXRvCiAgICBjc2lTdG9yYWdlQ2FwYWNpdGllczoKICAgICAgZW5hYmxlZDogYXV0bwogICAgZXZlbnRzOgogICAgICBlbmFibGVkOiB0cnVlCiAgICBpbmdyZXNzQ2xhc3NlczoKICAgICAgZW5hYmxlZDogZmFsc2UKICAgIG5vZGVzOgogICAgICBjbGVhckltYWdlU3RhdHVzOiBmYWxzZQogICAgICBlbmFibGVkOiBmYWxzZQogICAgICBzZWxlY3RvcjoKICAgICAgICBhbGw6IGZhbHNlCiAgICAgICAgbGFiZWxzOiB7fQogICAgICBzeW5jQmFja0NoYW5nZXM6IGZhbHNlCiAgICBwcmlvcml0eUNsYXNzZXM6CiAgICAgIGVuYWJsZWQ6IGZhbHNlCiAgICBydW50aW1lQ2xhc3NlczoKICAgICAgZW5hYmxlZDogZmFsc2UKICAgIHNlY3JldHM6CiAgICAgIGVuYWJsZWQ6IGZhbHNlCiAgICAgIG1hcHBpbmdzOgogICAgICAgIGJ5TmFtZToge30KICAgIHN0b3JhZ2VDbGFzc2VzOgogICAgICBlbmFibGVkOiBhdXRvCiAgICB2b2x1bWVTbmFwc2hvdENsYXNzZXM6CiAgICAgIGVuYWJsZWQ6IGZhbHNlCiAgdG9Ib3N0OgogICAgY29uZmlnTWFwczoKICAgICAgYWxsOiBmYWxzZQogICAgICBlbmFibGVkOiB0cnVlCiAgICBlbmRwb2ludHM6CiAgICAgIGVuYWJsZWQ6IHRydWUKICAgIGluZ3Jlc3NlczoKICAgICAgZW5hYmxlZDogdHJ1ZQogICAgbmFtZXNwYWNlczoKICAgICAgZW5hYmxlZDogZmFsc2UKICAgICAgbWFwcGluZ3NPbmx5OiBmYWxzZQogICAgbmV0d29ya1BvbGljaWVzOgogICAgICBlbmFibGVkOiBmYWxzZQogICAgcGVyc2lzdGVudFZvbHVtZUNsYWltczoKICAgICAgZW5hYmxlZDogdHJ1ZQogICAgcGVyc2lzdGVudFZvbHVtZXM6CiAgICAgIGVuYWJsZWQ6IGZhbHNlCiAgICBwb2REaXNydXB0aW9uQnVkZ2V0czoKICAgICAgZW5hYmxlZDogZmFsc2UKICAgIHBvZHM6CiAgICAgIGVuYWJsZWQ6IHRydWUKICAgICAgZW5mb3JjZVRvbGVyYXRpb25zOiBbXQogICAgICBoeWJyaWRTY2hlZHVsaW5nOgogICAgICAgIGVuYWJsZWQ6IGZhbHNlCiAgICAgICAgaG9zdFNjaGVkdWxlcnM6IFtdCiAgICAgIHByaW9yaXR5Q2xhc3NOYW1lOiAiIgogICAgICByZXdyaXRlSG9zdHM6CiAgICAgICAgZW5hYmxlZDogdHJ1ZQogICAgICAgIGluaXRDb250YWluZXI6CiAgICAgICAgICBpbWFnZToKICAgICAgICAgICAgcmVnaXN0cnk6IG1pcnJvci5nY3IuaW8KICAgICAgICAgICAgcmVwb3NpdG9yeTogbGlicmFyeS9hbHBpbmUKICAgICAgICAgICAgdGFnOiAiMy4yMCIKICAgICAgICAgIHJlc291cmNlczoKICAgICAgICAgICAgbGltaXRzOgogICAgICAgICAgICAgIGNwdTogMzBtCiAgICAgICAgICAgICAgbWVtb3J5OiA2NE1pCiAgICAgICAgICAgIHJlcXVlc3RzOgogICAgICAgICAgICAgIGNwdTogMzBtCiAgICAgICAgICAgICAgbWVtb3J5OiA2NE1pCiAgICAgIHJ1bnRpbWVDbGFzc05hbWU6ICIiCiAgICAgIHRyYW5zbGF0ZUltYWdlOiB7fQogICAgICB1c2VTZWNyZXRzRm9yU0FUb2tlbnM6IGZhbHNlCiAgICBwcmlvcml0eUNsYXNzZXM6CiAgICAgIGVuYWJsZWQ6IGZhbHNlCiAgICBzZWNyZXRzOgogICAgICBhbGw6IGZhbHNlCiAgICAgIGVuYWJsZWQ6IHRydWUKICAgIHNlcnZpY2VBY2NvdW50czoKICAgICAgZW5hYmxlZDogZmFsc2UKICAgIHNlcnZpY2VzOgogICAgICBlbmFibGVkOiB0cnVlCiAgICBzdG9yYWdlQ2xhc3NlczoKICAgICAgZW5hYmxlZDogZmFsc2UKICAgIHZvbHVtZVNuYXBzaG90Q29udGVudHM6CiAgICAgIGVuYWJsZWQ6IGZhbHNlCiAgICB2b2x1bWVTbmFwc2hvdHM6CiAgICAgIGVuYWJsZWQ6IGZhbHNlCnRlbGVtZXRyeToKICBlbmFibGVkOiB0cnVl
kind: Secret
metadata:
  labels:
    app: vcluster
    chart: vcluster-0.29.1
    heritage: Helm
    release: openshift
  name: vc-config-openshift
  namespace: syn-openshift
type: Opaque
