apiVersion: rbac.authorization.k8s.io/v1
kind: RoleBinding
metadata:
  labels:
    app: vcluster
    chart: vcluster-0.29.1
    heritage: Helm
    release: openshift
  name: vc-openshift
  namespace: syn-openshift
roleRef:
  apiGroup: rbac.authorization.k8s.io
  kind: Role
  name: vc-openshift
subjects:
  - kind: ServiceAccount
    name: vc-openshift
    namespace: syn-openshift
