apiVersion: v1
data:
  config.yaml: Y29udHJvbFBsYW5lOgogIGFkdmFuY2VkOgogICAgZGVmYXVsdEltYWdlUmVnaXN0cnk6ICIiCiAgICBnbG9iYWxNZXRhZGF0YToKICAgICAgYW5ub3RhdGlvbnM6IHt9CiAgICBoZWFkbGVzc1NlcnZpY2U6CiAgICAgIGFubm90YXRpb25zOiB7fQogICAgICBsYWJlbHM6IHt9CiAgICBzZXJ2aWNlQWNjb3VudDoKICAgICAgYW5ub3RhdGlvbnM6IHt9CiAgICAgIGVuYWJsZWQ6IHRydWUKICAgICAgaW1hZ2VQdWxsU2VjcmV0czogW10KICAgICAgbGFiZWxzOiB7fQogICAgICBuYW1lOiAiIgogICAgdmlydHVhbFNjaGVkdWxlcjoKICAgICAgZW5hYmxlZDogZmFsc2UKICAgIHdvcmtsb2FkU2VydmljZUFjY291bnQ6CiAgICAgIGFubm90YXRpb25zOiB7fQogICAgICBlbmFibGVkOiB0cnVlCiAgICAgIGltYWdlUHVsbFNlY3JldHM6IFtdCiAgICAgIGxhYmVsczoge30KICAgICAgbmFtZTogIiIKICBiYWNraW5nU3RvcmU6CiAgICBkYXRhYmFzZToKICAgICAgZW1iZWRkZWQ6CiAgICAgICAgZW5hYmxlZDogZmFsc2UKICAgICAgZXh0ZXJuYWw6CiAgICAgICAgY2FGaWxlOiAiIgogICAgICAgIGNlcnRGaWxlOiAiIgogICAgICAgIGNvbm5lY3RvcjogIiIKICAgICAgICBkYXRhU291cmNlOiAiIgogICAgICAgIGVuYWJsZWQ6IGZhbHNlCiAgICAgICAga2V5RmlsZTogIiIKICAgIGV0Y2Q6CiAgICAgIGRlcGxveToKICAgICAgICBlbmFibGVkOiBmYWxzZQogICAgICAgIGhlYWRsZXNzU2VydmljZToKICAgICAgICAgIGFubm90YXRpb25zOiB7fQogICAgICAgIHNlcnZpY2U6CiAgICAgICAgICBhbm5vdGF0aW9uczoge30KICAgICAgICAgIGVuYWJsZWQ6IHRydWUKICAgICAgICBzdGF0ZWZ1bFNldDoKICAgICAgICAgIGFubm90YXRpb25zOiB7fQogICAgICAgICAgZW5hYmxlU2VydmljZUxpbmtzOiB0cnVlCiAgICAgICAgICBlbmFibGVkOiB0cnVlCiAgICAgICAgICBlbnY6IFtdCiAgICAgICAgICBleHRyYUFyZ3M6IFtdCiAgICAgICAgICBoaWdoQXZhaWxhYmlsaXR5OgogICAgICAgICAgICByZXBsaWNhczogMQogICAgICAgICAgaW1hZ2U6CiAgICAgICAgICAgIHJlZ2lzdHJ5OiByZWdpc3RyeS5rOHMuaW8KICAgICAgICAgICAgcmVwb3NpdG9yeTogZXRjZAogICAgICAgICAgICB0YWc6IDMuNS4xNy0wCiAgICAgICAgICBpbWFnZVB1bGxQb2xpY3k6ICIiCiAgICAgICAgICBsYWJlbHM6IHt9CiAgICAgICAgICBwZXJzaXN0ZW5jZToKICAgICAgICAgICAgYWRkVm9sdW1lTW91bnRzOiBbXQogICAgICAgICAgICBhZGRWb2x1bWVzOiBbXQogICAgICAgICAgICB2b2x1bWVDbGFpbToKICAgICAgICAgICAgICBhY2Nlc3NNb2RlczoKICAgICAgICAgICAgICAtIFJlYWRXcml0ZU9uY2UKICAgICAgICAgICAgICBlbmFibGVkOiB0cnVlCiAgICAgICAgICAgICAgcmV0ZW50aW9uUG9saWN5OiBSZXRhaW4KICAgICAgICAgICAgICBzaXplOiA1R2kKICAgICAgICAgICAgICBzdG9yYWdlQ2xhc3M6ICIiCiAgICAgICAgICAgIHZvbHVtZUNsYWltVGVtcGxhdGVzOiBbXQogICAgICAgICAgcG9kczoKICAgICAgICAgICAgYW5ub3RhdGlvbnM6IHt9CiAgICAgICAgICAgIGxhYmVsczoge30KICAgICAgICAgIHJlc291cmNlczoKICAgICAgICAgICAgcmVxdWVzdHM6CiAgICAgICAgICAgICAgY3B1OiAyMG0KICAgICAgICAgICAgICBtZW1vcnk6IDE1ME1pCiAgICAgICAgICBzY2hlZHVsaW5nOgogICAgICAgICAgICBhZmZpbml0eToge30KICAgICAgICAgICAgbm9kZVNlbGVjdG9yOiB7fQogICAgICAgICAgICBwb2RNYW5hZ2VtZW50UG9saWN5OiBQYXJhbGxlbAogICAgICAgICAgICBwcmlvcml0eUNsYXNzTmFtZTogIiIKICAgICAgICAgICAgdG9sZXJhdGlvbnM6IFtdCiAgICAgICAgICAgIHRvcG9sb2d5U3ByZWFkQ29uc3RyYWludHM6IFtdCiAgICAgICAgICBzZWN1cml0eToKICAgICAgICAgICAgY29udGFpbmVyU2VjdXJpdHlDb250ZXh0OiB7fQogICAgICAgICAgICBwb2RTZWN1cml0eUNvbnRleHQ6IHt9CiAgICAgIGVtYmVkZGVkOgogICAgICAgIGVuYWJsZWQ6IGZhbHNlCiAgICAgICAgbWlncmF0ZUZyb21EZXBsb3llZEV0Y2Q6IGZhbHNlCiAgY29yZWRuczoKICAgIGRlcGxveW1lbnQ6CiAgICAgIGFmZmluaXR5OiB7fQogICAgICBhbm5vdGF0aW9uczoge30KICAgICAgaW1hZ2U6ICIiCiAgICAgIGxhYmVsczoge30KICAgICAgbm9kZVNlbGVjdG9yOiB7fQogICAgICBwb2RzOgogICAgICAgIGFubm90YXRpb25zOiB7fQogICAgICAgIGxhYmVsczoge30KICAgICAgcmVwbGljYXM6IDEKICAgICAgcmVzb3VyY2VzOgogICAgICAgIGxpbWl0czoKICAgICAgICAgIGNwdTogMTAwMG0KICAgICAgICAgIG1lbW9yeTogMTcwTWkKICAgICAgICByZXF1ZXN0czoKICAgICAgICAgIGNwdTogMjBtCiAgICAgICAgICBtZW1vcnk6IDY0TWkKICAgICAgdG9sZXJhdGlvbnM6IFtdCiAgICAgIHRvcG9sb2d5U3ByZWFkQ29uc3RyYWludHM6CiAgICAgIC0gbGFiZWxTZWxlY3RvcjoKICAgICAgICAgIG1hdGNoTGFiZWxzOgogICAgICAgICAgICBrOHMtYXBwOiB2Y2x1c3Rlci1rdWJlLWRucwogICAgICAgIG1heFNrZXc6IDEKICAgICAgICB0b3BvbG9neUtleToga3ViZXJuZXRlcy5pby9ob3N0bmFtZQogICAgICAgIHdoZW5VbnNhdGlzZmlhYmxlOiBEb05vdFNjaGVkdWxlCiAgICBlbWJlZGRlZDogZmFsc2UKICAgIGVuYWJsZWQ6IHRydWUKICAgIG92ZXJ3cml0ZUNvbmZpZzogIiIKICAgIG92ZXJ3cml0ZU1hbmlmZXN0czogIiIKICAgIHByaW9yaXR5Q2xhc3NOYW1lOiAiIgogICAgc2VydmljZToKICAgICAgYW5ub3RhdGlvbnM6IHt9CiAgICAgIGxhYmVsczoge30KICAgICAgc3BlYzoKICAgICAgICB0eXBlOiBDbHVzdGVySVAKICBkaXN0cm86CiAgICBrMHM6CiAgICAgIGNvbW1hbmQ6IFtdCiAgICAgIGNvbmZpZzogIiIKICAgICAgZW5hYmxlZDogZmFsc2UKICAgICAgZXh0cmFBcmdzOiBbXQogICAgICBpbWFnZToKICAgICAgICByZWdpc3RyeTogIiIKICAgICAgICByZXBvc2l0b3J5OiBrMHNwcm9qZWN0L2swcwogICAgICAgIHRhZzogdjEuMzAuMi1rMHMuMAogICAgICBpbWFnZVB1bGxQb2xpY3k6ICIiCiAgICAgIHJlc291cmNlczoKICAgICAgICBsaW1pdHM6CiAgICAgICAgICBjcHU6IDEwMG0KICAgICAgICAgIG1lbW9yeTogMjU2TWkKICAgICAgICByZXF1ZXN0czoKICAgICAgICAgIGNwdTogNDBtCiAgICAgICAgICBtZW1vcnk6IDY0TWkKICAgICAgc2VjdXJpdHlDb250ZXh0OiB7fQogICAgazNzOgogICAgICBjb21tYW5kOiBbXQogICAgICBlbmFibGVkOiB0cnVlCiAgICAgIGV4dHJhQXJnczogW10KICAgICAgaW1hZ2U6CiAgICAgICAgcmVnaXN0cnk6IGRvY2tlci5pbwogICAgICAgIHJlcG9zaXRvcnk6IHJhbmNoZXIvazNzCiAgICAgICAgdGFnOiB2MS4zMi45LWszczEKICAgICAgaW1hZ2VQdWxsUG9saWN5OiAiIgogICAgICByZXNvdXJjZXM6CiAgICAgICAgbGltaXRzOgogICAgICAgICAgY3B1OiAxMDBtCiAgICAgICAgICBtZW1vcnk6IDI1Nk1pCiAgICAgICAgcmVxdWVzdHM6CiAgICAgICAgICBjcHU6IDQwbQogICAgICAgICAgbWVtb3J5OiA2NE1pCiAgICAgIHNlY3VyaXR5Q29udGV4dDoge30KICAgIGs4czoKICAgICAgYXBpU2VydmVyOgogICAgICAgIGNvbW1hbmQ6IFtdCiAgICAgICAgZW5hYmxlZDogdHJ1ZQogICAgICAgIGV4dHJhQXJnczogW10KICAgICAgICBpbWFnZToKICAgICAgICAgIHJlZ2lzdHJ5OiByZWdpc3RyeS5rOHMuaW8KICAgICAgICAgIHJlcG9zaXRvcnk6IGt1YmUtYXBpc2VydmVyCiAgICAgICAgICB0YWc6IHYxLjMyLjEKICAgICAgICBpbWFnZVB1bGxQb2xpY3k6ICIiCiAgICAgIGNvbnRyb2xsZXJNYW5hZ2VyOgogICAgICAgIGNvbW1hbmQ6IFtdCiAgICAgICAgZW5hYmxlZDogdHJ1ZQogICAgICAgIGV4dHJhQXJnczogW10KICAgICAgICBpbWFnZToKICAgICAgICAgIHJlZ2lzdHJ5OiByZWdpc3RyeS5rOHMuaW8KICAgICAgICAgIHJlcG9zaXRvcnk6IGt1YmUtY29udHJvbGxlci1tYW5hZ2VyCiAgICAgICAgICB0YWc6IHYxLjMyLjEKICAgICAgICBpbWFnZVB1bGxQb2xpY3k6ICIiCiAgICAgIGVuYWJsZWQ6IGZhbHNlCiAgICAgIGVudjogW10KICAgICAgcmVzb3VyY2VzOgogICAgICAgIGxpbWl0czoKICAgICAgICAgIGNwdTogMTAwbQogICAgICAgICAgbWVtb3J5OiAyNTZNaQogICAgICAgIHJlcXVlc3RzOgogICAgICAgICAgY3B1OiA0MG0KICAgICAgICAgIG1lbW9yeTogNjRNaQogICAgICBzY2hlZHVsZXI6CiAgICAgICAgY29tbWFuZDogW10KICAgICAgICBleHRyYUFyZ3M6IFtdCiAgICAgICAgaW1hZ2U6CiAgICAgICAgICByZWdpc3RyeTogcmVnaXN0cnkuazhzLmlvCiAgICAgICAgICByZXBvc2l0b3J5OiBrdWJlLXNjaGVkdWxlcgogICAgICAgICAgdGFnOiB2MS4zMi4xCiAgICAgICAgaW1hZ2VQdWxsUG9saWN5OiAiIgogICAgICBzZWN1cml0eUNvbnRleHQ6IHt9CiAgICAgIHZlcnNpb246ICIiCiAgaW5ncmVzczoKICAgIGFubm90YXRpb25zOgogICAgICBjZXJ0LW1hbmFnZXIuaW8vY2x1c3Rlci1pc3N1ZXI6IGxldHNlbmNyeXB0LXByb2R1Y3Rpb24KICAgICAgbmdpbnguaW5ncmVzcy5rdWJlcm5ldGVzLmlvL2JhY2tlbmQtcHJvdG9jb2w6IEhUVFBTCiAgICAgIG5naW54LmluZ3Jlc3Mua3ViZXJuZXRlcy5pby9zc2wtcGFzc3Rocm91Z2g6ICJ0cnVlIgogICAgICBuZ2lueC5pbmdyZXNzLmt1YmVybmV0ZXMuaW8vc3NsLXJlZGlyZWN0OiAidHJ1ZSIKICAgIGVuYWJsZWQ6IHRydWUKICAgIGxhYmVsczoge30KICAgIHBhdGhUeXBlOiBJbXBsZW1lbnRhdGlvblNwZWNpZmljCiAgICBzcGVjOgogICAgICB0bHM6CiAgICAgIC0gaG9zdHM6CiAgICAgICAgLSBudWxsCiAgICAgICAgc2VjcmV0TmFtZTogZGVmYXVsdHMtdGxzCiAgcHJveHk6CiAgICBiaW5kQWRkcmVzczogMC4wLjAuMAogICAgZXh0cmFTQU5zOiBbXQogICAgcG9ydDogODQ0MwogIHNlcnZpY2U6CiAgICBhbm5vdGF0aW9uczoge30KICAgIGVuYWJsZWQ6IHRydWUKICAgIGh0dHBzTm9kZVBvcnQ6IDAKICAgIGt1YmVsZXROb2RlUG9ydDogMAogICAgbGFiZWxzOiB7fQogICAgc3BlYzoKICAgICAgdHlwZTogQ2x1c3RlcklQCiAgc2VydmljZU1vbml0b3I6CiAgICBhbm5vdGF0aW9uczoge30KICAgIGVuYWJsZWQ6IGZhbHNlCiAgICBsYWJlbHM6IHt9CiAgc3RhdGVmdWxTZXQ6CiAgICBhbm5vdGF0aW9uczoge30KICAgIGFyZ3M6IFtdCiAgICBjb21tYW5kOiBbXQogICAgZW5hYmxlU2VydmljZUxpbmtzOiB0cnVlCiAgICBlbnY6IFtdCiAgICBoaWdoQXZhaWxhYmlsaXR5OgogICAgICBsZWFzZUR1cmF0aW9uOiA2MAogICAgICByZW5ld0RlYWRsaW5lOiA0MAogICAgICByZXBsaWNhczogMQogICAgICByZXRyeVBlcmlvZDogMTUKICAgIGltYWdlOgogICAgICByZWdpc3RyeTogZ2hjci5pbwogICAgICByZXBvc2l0b3J5OiBsb2Z0LXNoL3ZjbHVzdGVyLW9zcwogICAgICB0YWc6IDAuMjkuMQogICAgaW1hZ2VQdWxsUG9saWN5OiAiIgogICAgbGFiZWxzOiB7fQogICAgcGVyc2lzdGVuY2U6CiAgICAgIGFkZFZvbHVtZU1vdW50czogW10KICAgICAgYWRkVm9sdW1lczogW10KICAgICAgYmluYXJpZXNWb2x1bWU6CiAgICAgIC0gZW1wdHlEaXI6IHt9CiAgICAgICAgbmFtZTogYmluYXJpZXMKICAgICAgZGF0YVZvbHVtZTogW10KICAgICAgdm9sdW1lQ2xhaW06CiAgICAgICAgYWNjZXNzTW9kZXM6CiAgICAgICAgLSBSZWFkV3JpdGVPbmNlCiAgICAgICAgZW5hYmxlZDogYXV0bwogICAgICAgIHJldGVudGlvblBvbGljeTogUmV0YWluCiAgICAgICAgc2l6ZTogNUdpCiAgICAgIHZvbHVtZUNsYWltVGVtcGxhdGVzOiBbXQogICAgcG9kczoKICAgICAgYW5ub3RhdGlvbnM6IHt9CiAgICAgIGxhYmVsczoge30KICAgIHByb2JlczoKICAgICAgbGl2ZW5lc3NQcm9iZToKICAgICAgICBlbmFibGVkOiB0cnVlCiAgICAgIHJlYWRpbmVzc1Byb2JlOgogICAgICAgIGVuYWJsZWQ6IHRydWUKICAgICAgc3RhcnR1cFByb2JlOgogICAgICAgIGVuYWJsZWQ6IHRydWUKICAgIHJlc291cmNlczoKICAgICAgbGltaXRzOgogICAgICAgIGVwaGVtZXJhbC1zdG9yYWdlOiA4R2kKICAgICAgICBtZW1vcnk6IDJHaQogICAgICByZXF1ZXN0czoKICAgICAgICBjcHU6IDIwMG0KICAgICAgICBlcGhlbWVyYWwtc3RvcmFnZTogNDAwTWkKICAgICAgICBtZW1vcnk6IDI1Nk1pCiAgICBzY2hlZHVsaW5nOgogICAgICBhZmZpbml0eToge30KICAgICAgbm9kZVNlbGVjdG9yOiB7fQogICAgICBwb2RNYW5hZ2VtZW50UG9saWN5OiBQYXJhbGxlbAogICAgICBwcmlvcml0eUNsYXNzTmFtZTogIiIKICAgICAgdG9sZXJhdGlvbnM6IFtdCiAgICAgIHRvcG9sb2d5U3ByZWFkQ29uc3RyYWludHM6IFtdCiAgICBzZWN1cml0eToKICAgICAgY29udGFpbmVyU2VjdXJpdHlDb250ZXh0OgogICAgICAgIGFsbG93UHJpdmlsZWdlRXNjYWxhdGlvbjogZmFsc2UKICAgICAgcG9kU2VjdXJpdHlDb250ZXh0OiB7fQogICAgd29ya2luZ0RpcjogIiIKZXhwZXJpbWVudGFsOgogIGRlcGxveToKICAgIGhvc3Q6CiAgICAgIG1hbmlmZXN0czogIiIKICAgICAgbWFuaWZlc3RzVGVtcGxhdGU6ICIiCiAgICB2Y2x1c3RlcjoKICAgICAgaGVsbTogW10KICAgICAgbWFuaWZlc3RzOiBuaWwKICAgICAgbWFuaWZlc3RzVGVtcGxhdGU6ICIiCiAgZ2VuZXJpY1N5bmM6CiAgICBjbHVzdGVyUm9sZToKICAgICAgZXh0cmFSdWxlczogW10KICAgIHJvbGU6CiAgICAgIGV4dHJhUnVsZXM6IFtdCiAgaXNvbGF0ZWRDb250cm9sUGxhbmU6CiAgICBoZWFkbGVzczogZmFsc2UKICBtdWx0aU5hbWVzcGFjZU1vZGU6CiAgICBlbmFibGVkOiBmYWxzZQogIHJldXNlTmFtZXNwYWNlOiBmYWxzZQogIHN5bmNTZXR0aW5nczoKICAgIGRpc2FibGVTeW5jOiBmYWxzZQogICAgcmV3cml0ZUt1YmVybmV0ZXNTZXJ2aWNlOiBmYWxzZQogICAgc2V0T3duZXI6IHRydWUKICAgIHRhcmdldE5hbWVzcGFjZTogIiIKZXhwb3J0S3ViZUNvbmZpZzoKICBjb250ZXh0OiAiIgogIGluc2VjdXJlOiBmYWxzZQogIHNlY3JldDoKICAgIG5hbWU6ICIiCiAgICBuYW1lc3BhY2U6ICIiCiAgc2VydmVyOiBodHRwczovL05vbmUKICBzZXJ2aWNlQWNjb3VudDoKICAgIGNsdXN0ZXJSb2xlOiBjbHVzdGVyLWFkbWluCiAgICBuYW1lOiBkZWZhdWx0cy1hZG1pbgogICAgbmFtZXNwYWNlOiAiIgpleHRlcm5hbDoge30KaW50ZWdyYXRpb25zOgogIGNlcnRNYW5hZ2VyOgogICAgZW5hYmxlZDogZmFsc2UKICAgIHN5bmM6CiAgICAgIGZyb21Ib3N0OgogICAgICAgIGNsdXN0ZXJJc3N1ZXJzOgogICAgICAgICAgZW5hYmxlZDogdHJ1ZQogICAgICAgICAgc2VsZWN0b3I6CiAgICAgICAgICAgIGxhYmVsczoge30KICAgICAgdG9Ib3N0OgogICAgICAgIGNlcnRpZmljYXRlczoKICAgICAgICAgIGVuYWJsZWQ6IHRydWUKICAgICAgICBpc3N1ZXJzOgogICAgICAgICAgZW5hYmxlZDogdHJ1ZQogIGV4dGVybmFsU2VjcmV0czoKICAgIGVuYWJsZWQ6IGZhbHNlCiAgICBzeW5jOgogICAgICBjbHVzdGVyU3RvcmVzOgogICAgICAgIGVuYWJsZWQ6IGZhbHNlCiAgICAgICAgc2VsZWN0b3I6CiAgICAgICAgICBsYWJlbHM6IHt9CiAgICAgIGV4dGVybmFsU2VjcmV0czoKICAgICAgICBlbmFibGVkOiB0cnVlCiAgICAgIHN0b3JlczoKICAgICAgICBlbmFibGVkOiBmYWxzZQogICAgd2ViaG9vazoKICAgICAgZW5hYmxlZDogZmFsc2UKICBrdWJlVmlydDoKICAgIGVuYWJsZWQ6IGZhbHNlCiAgICBzeW5jOgogICAgICBkYXRhVm9sdW1lczoKICAgICAgICBlbmFibGVkOiBmYWxzZQogICAgICB2aXJ0dWFsTWFjaGluZUNsb25lczoKICAgICAgICBlbmFibGVkOiB0cnVlCiAgICAgIHZpcnR1YWxNYWNoaW5lSW5zdGFuY2VNaWdyYXRpb25zOgogICAgICAgIGVuYWJsZWQ6IHRydWUKICAgICAgdmlydHVhbE1hY2hpbmVJbnN0YW5jZXM6CiAgICAgICAgZW5hYmxlZDogdHJ1ZQogICAgICB2aXJ0dWFsTWFjaGluZVBvb2xzOgogICAgICAgIGVuYWJsZWQ6IHRydWUKICAgICAgdmlydHVhbE1hY2hpbmVzOgogICAgICAgIGVuYWJsZWQ6IHRydWUKICAgIHdlYmhvb2s6CiAgICAgIGVuYWJsZWQ6IHRydWUKICBtZXRyaWNzU2VydmVyOgogICAgZW5hYmxlZDogZmFsc2UKICAgIG5vZGVzOiB0cnVlCiAgICBwb2RzOiB0cnVlCm5ldHdvcmtpbmc6CiAgYWR2YW5jZWQ6CiAgICBjbHVzdGVyRG9tYWluOiBjbHVzdGVyLmxvY2FsCiAgICBmYWxsYmFja0hvc3RDbHVzdGVyOiBmYWxzZQogICAgcHJveHlLdWJlbGV0czoKICAgICAgYnlIb3N0bmFtZTogdHJ1ZQogICAgICBieUlQOiB0cnVlCiAgcmVwbGljYXRlU2VydmljZXM6CiAgICBmcm9tSG9zdDogW10KICAgIHRvSG9zdDogW10KICByZXNvbHZlRE5TOiBbXQpwbHVnaW5zOiB7fQpwb2xpY2llczoKICBjZW50cmFsQWRtaXNzaW9uOgogICAgbXV0YXRpbmdXZWJob29rczogW10KICAgIHZhbGlkYXRpbmdXZWJob29rczogW10KICBsaW1pdFJhbmdlOgogICAgYW5ub3RhdGlvbnM6IHt9CiAgICBkZWZhdWx0OgogICAgICBjcHU6ICIxIgogICAgICBlcGhlbWVyYWwtc3RvcmFnZTogOEdpCiAgICAgIG1lbW9yeTogNTEyTWkKICAgIGRlZmF1bHRSZXF1ZXN0OgogICAgICBjcHU6IDEwMG0KICAgICAgZXBoZW1lcmFsLXN0b3JhZ2U6IDNHaQogICAgICBtZW1vcnk6IDEyOE1pCiAgICBlbmFibGVkOiBhdXRvCiAgICBsYWJlbHM6IHt9CiAgICBtYXg6IHt9CiAgICBtaW46IHt9CiAgbmV0d29ya1BvbGljeToKICAgIGFubm90YXRpb25zOiB7fQogICAgZW5hYmxlZDogZmFsc2UKICAgIGZhbGxiYWNrRG5zOiA4LjguOC44CiAgICBsYWJlbHM6IHt9CiAgICBvdXRnb2luZ0Nvbm5lY3Rpb25zOgogICAgICBpcEJsb2NrOgogICAgICAgIGNpZHI6IDAuMC4wLjAvMAogICAgICAgIGV4Y2VwdDoKICAgICAgICAtIDEwMC42NC4wLjAvMTAKICAgICAgICAtIDEyNy4wLjAuMC84CiAgICAgICAgLSAxMC4wLjAuMC84CiAgICAgICAgLSAxNzIuMTYuMC4wLzEyCiAgICAgICAgLSAxOTIuMTY4LjAuMC8xNgogICAgICBwbGF0Zm9ybTogdHJ1ZQogIHJlc291cmNlUXVvdGE6CiAgICBhbm5vdGF0aW9uczoge30KICAgIGVuYWJsZWQ6IGF1dG8KICAgIGxhYmVsczoge30KICAgIHF1b3RhOgogICAgICBjb3VudC9jb25maWdtYXBzOiAxMDAKICAgICAgY291bnQvZW5kcG9pbnRzOiA0MAogICAgICBjb3VudC9wZXJzaXN0ZW50dm9sdW1lY2xhaW1zOiAyMAogICAgICBjb3VudC9wb2RzOiAyMAogICAgICBjb3VudC9zZWNyZXRzOiAxMDAKICAgICAgY291bnQvc2VydmljZXM6IDIwCiAgICAgIGxpbWl0cy5jcHU6IDIwCiAgICAgIGxpbWl0cy5lcGhlbWVyYWwtc3RvcmFnZTogMTYwR2kKICAgICAgbGltaXRzLm1lbW9yeTogNDBHaQogICAgICByZXF1ZXN0cy5jcHU6IDEwCiAgICAgIHJlcXVlc3RzLmVwaGVtZXJhbC1zdG9yYWdlOiA2MEdpCiAgICAgIHJlcXVlc3RzLm1lbW9yeTogMjBHaQogICAgICByZXF1ZXN0cy5zdG9yYWdlOiAxMDBHaQogICAgICBzZXJ2aWNlcy5sb2FkYmFsYW5jZXJzOiAxCiAgICAgIHNlcnZpY2VzLm5vZGVwb3J0czogMAogICAgc2NvcGVTZWxlY3RvcjoKICAgICAgbWF0Y2hFeHByZXNzaW9uczogW10KICAgIHNjb3BlczogW10KcmJhYzoKICBjbHVzdGVyUm9sZToKICAgIGVuYWJsZWQ6IGF1dG8KICAgIGV4dHJhUnVsZXM6IFtdCiAgICBvdmVyd3JpdGVSdWxlczogW10KICByb2xlOgogICAgZW5hYmxlZDogdHJ1ZQogICAgZXh0cmFSdWxlczoKICAgIC0gYXBpR3JvdXBzOgogICAgICAtICIiCiAgICAgIHJlc291cmNlczoKICAgICAgLSBlbmRwb2ludHMvcmVzdHJpY3RlZAogICAgICB2ZXJiczoKICAgICAgLSBjcmVhdGUKICAgIG92ZXJ3cml0ZVJ1bGVzOiBbXQpzeW5jOgogIGZyb21Ib3N0OgogICAgY29uZmlnTWFwczoKICAgICAgZW5hYmxlZDogZmFsc2UKICAgICAgbWFwcGluZ3M6CiAgICAgICAgYnlOYW1lOiB7fQogICAgY3NpRHJpdmVyczoKICAgICAgZW5hYmxlZDogYXV0bwogICAgY3NpTm9kZXM6CiAgICAgIGVuYWJsZWQ6IGF1dG8KICAgIGNzaVN0b3JhZ2VDYXBhY2l0aWVzOgogICAgICBlbmFibGVkOiBhdXRvCiAgICBldmVudHM6CiAgICAgIGVuYWJsZWQ6IHRydWUKICAgIGluZ3Jlc3NDbGFzc2VzOgogICAgICBlbmFibGVkOiBmYWxzZQogICAgbm9kZXM6CiAgICAgIGNsZWFySW1hZ2VTdGF0dXM6IGZhbHNlCiAgICAgIGVuYWJsZWQ6IGZhbHNlCiAgICAgIHNlbGVjdG9yOgogICAgICAgIGFsbDogZmFsc2UKICAgICAgICBsYWJlbHM6IHt9CiAgICAgIHN5bmNCYWNrQ2hhbmdlczogZmFsc2UKICAgIHByaW9yaXR5Q2xhc3NlczoKICAgICAgZW5hYmxlZDogZmFsc2UKICAgIHJ1bnRpbWVDbGFzc2VzOgogICAgICBlbmFibGVkOiBmYWxzZQogICAgc2VjcmV0czoKICAgICAgZW5hYmxlZDogZmFsc2UKICAgICAgbWFwcGluZ3M6CiAgICAgICAgYnlOYW1lOiB7fQogICAgc3RvcmFnZUNsYXNzZXM6CiAgICAgIGVuYWJsZWQ6IGF1dG8KICAgIHZvbHVtZVNuYXBzaG90Q2xhc3NlczoKICAgICAgZW5hYmxlZDogZmFsc2UKICB0b0hvc3Q6CiAgICBjb25maWdNYXBzOgogICAgICBhbGw6IGZhbHNlCiAgICAgIGVuYWJsZWQ6IHRydWUKICAgIGVuZHBvaW50czoKICAgICAgZW5hYmxlZDogdHJ1ZQogICAgaW5ncmVzc2VzOgogICAgICBlbmFibGVkOiB0cnVlCiAgICBuZXR3b3JrUG9saWNpZXM6CiAgICAgIGVuYWJsZWQ6IGZhbHNlCiAgICBwZXJzaXN0ZW50Vm9sdW1lQ2xhaW1zOgogICAgICBlbmFibGVkOiB0cnVlCiAgICBwZXJzaXN0ZW50Vm9sdW1lczoKICAgICAgZW5hYmxlZDogZmFsc2UKICAgIHBvZERpc3J1cHRpb25CdWRnZXRzOgogICAgICBlbmFibGVkOiBmYWxzZQogICAgcG9kczoKICAgICAgZW5hYmxlZDogdHJ1ZQogICAgICBlbmZvcmNlVG9sZXJhdGlvbnM6IFtdCiAgICAgIHByaW9yaXR5Q2xhc3NOYW1lOiAiIgogICAgICByZXdyaXRlSG9zdHM6CiAgICAgICAgZW5hYmxlZDogdHJ1ZQogICAgICAgIGluaXRDb250YWluZXI6CiAgICAgICAgICBpbWFnZTogbGlicmFyeS9hbHBpbmU6My4yMAogICAgICAgICAgcmVzb3VyY2VzOgogICAgICAgICAgICBsaW1pdHM6CiAgICAgICAgICAgICAgY3B1OiAzMG0KICAgICAgICAgICAgICBtZW1vcnk6IDY0TWkKICAgICAgICAgICAgcmVxdWVzdHM6CiAgICAgICAgICAgICAgY3B1OiAzMG0KICAgICAgICAgICAgICBtZW1vcnk6IDY0TWkKICAgICAgcnVudGltZUNsYXNzTmFtZTogIiIKICAgICAgdHJhbnNsYXRlSW1hZ2U6IHt9CiAgICAgIHVzZVNlY3JldHNGb3JTQVRva2VuczogZmFsc2UKICAgIHByaW9yaXR5Q2xhc3NlczoKICAgICAgZW5hYmxlZDogZmFsc2UKICAgIHNlY3JldHM6CiAgICAgIGFsbDogZmFsc2UKICAgICAgZW5hYmxlZDogdHJ1ZQogICAgc2VydmljZUFjY291bnRzOgogICAgICBlbmFibGVkOiBmYWxzZQogICAgc2VydmljZXM6CiAgICAgIGVuYWJsZWQ6IHRydWUKICAgIHN0b3JhZ2VDbGFzc2VzOgogICAgICBlbmFibGVkOiBmYWxzZQogICAgdm9sdW1lU25hcHNob3RDb250ZW50czoKICAgICAgZW5hYmxlZDogZmFsc2UKICAgIHZvbHVtZVNuYXBzaG90czoKICAgICAgZW5hYmxlZDogZmFsc2UKdGVsZW1ldHJ5OgogIGVuYWJsZWQ6IHRydWU=
kind: Secret
metadata:
  labels:
    app: vcluster
    chart: vcluster-0.24.1
    heritage: Helm
    release: defaults
  name: vc-config-defaults
  namespace: syn-defaults
type: Opaque
