apiVersion: v1
kind: Service
metadata:
  labels:
    app: vcluster
    chart: vcluster-0.24.1
    heritage: Helm
    release: defaults
  name: defaults-headless
  namespace: syn-defaults
spec:
  clusterIP: None
  ports:
    - name: https
      port: 443
      protocol: TCP
      targetPort: 8443
  publishNotReadyAddresses: true
  selector:
    app: vcluster
    release: defaults
