apiVersion: rbac.authorization.k8s.io/v1
kind: Role
metadata:
  labels:
    app: vcluster
    chart: vcluster-0.29.1
    heritage: Helm
    release: defaults
  name: vc-defaults
  namespace: syn-defaults
rules:
  - apiGroups:
      - ''
    resources:
      - configmaps
      - secrets
      - services
      - pods
      - pods/attach
      - pods/portforward
      - pods/exec
      - persistentvolumeclaims
    verbs:
      - create
      - delete
      - patch
      - update
      - get
      - list
      - watch
  - apiGroups:
      - ''
    resources:
      - pods/status
      - pods/ephemeralcontainers
    verbs:
      - patch
      - update
  - apiGroups:
      - apps
    resources:
      - statefulsets
      - replicasets
      - deployments
    verbs:
      - get
      - list
      - watch
  - apiGroups:
      - ''
    resources:
      - endpoints
      - pods/log
    verbs:
      - get
      - list
      - watch
  - apiGroups:
      - ''
    resources:
      - events
    verbs:
      - create
      - get
      - list
      - watch
  - apiGroups:
      - ''
    resources:
      - endpoints
    verbs:
      - create
      - delete
      - patch
      - update
  - apiGroups:
      - networking.k8s.io
    resources:
      - ingresses
    verbs:
      - create
      - delete
      - patch
      - update
      - get
      - list
      - watch
  - apiGroups:
      - ''
    resources:
      - endpoints/restricted
    verbs:
      - create
