apiVersion: rbac.authorization.k8s.io/v1
kind: RoleBinding
metadata:
  labels:
    app: vcluster
    chart: vcluster-0.24.1
    heritage: Helm
    release: defaults
  name: vc-defaults
  namespace: syn-defaults
roleRef:
  apiGroup: rbac.authorization.k8s.io
  kind: Role
  name: vc-defaults
subjects:
  - kind: ServiceAccount
    name: vc-defaults
    namespace: syn-defaults
