apiVersion: v1
kind: ServiceAccount
metadata:
  labels:
    app: vcluster
    chart: vcluster-0.24.1
    heritage: Helm
    release: defaults
  name: vc-workload-defaults
  namespace: syn-defaults
