apiVersion: v1
data:
  config.yaml: Y29udHJvbFBsYW5lOgogIGFkdmFuY2VkOgogICAgY2xvdWRDb250cm9sbGVyTWFuYWdlcjoKICAgICAgZW5hYmxlZDogdHJ1ZQogICAgZGVmYXVsdEltYWdlUmVnaXN0cnk6ICIiCiAgICBnbG9iYWxNZXRhZGF0YToKICAgICAgYW5ub3RhdGlvbnM6IHt9CiAgICBoZWFkbGVzc1NlcnZpY2U6CiAgICAgIGFubm90YXRpb25zOiB7fQogICAgICBsYWJlbHM6IHt9CiAgICBrb25uZWN0aXZpdHk6CiAgICAgIGFnZW50OgogICAgICAgIGVuYWJsZWQ6IHRydWUKICAgICAgICBleHRyYUFyZ3M6IFtdCiAgICAgICAgZXh0cmFFbnY6IFtdCiAgICAgICAgaW1hZ2U6ICIiCiAgICAgICAgaW1hZ2VQdWxsUG9saWN5OiAiIgogICAgICAgIG5vZGVTZWxlY3Rvcjoge30KICAgICAgICByZXBsaWNhczogMQogICAgICAgIHRvbGVyYXRpb25zOiBbXQogICAgICBzZXJ2ZXI6CiAgICAgICAgZW5hYmxlZDogdHJ1ZQogICAgICAgIGV4dHJhQXJnczogW10KICAgIHJlZ2lzdHJ5OgogICAgICBhbm9ueW1vdXNQdWxsOiB0cnVlCiAgICAgIGNvbmZpZzoge30KICAgICAgZW5hYmxlZDogZmFsc2UKICAgIHNlcnZpY2VBY2NvdW50OgogICAgICBhbm5vdGF0aW9uczoge30KICAgICAgZW5hYmxlZDogdHJ1ZQogICAgICBpbWFnZVB1bGxTZWNyZXRzOiBbXQogICAgICBsYWJlbHM6IHt9CiAgICAgIG5hbWU6ICIiCiAgICB2aXJ0dWFsU2NoZWR1bGVyOgogICAgICBlbmFibGVkOiBmYWxzZQogICAgd29ya2xvYWRTZXJ2aWNlQWNjb3VudDoKICAgICAgYW5ub3RhdGlvbnM6IHt9CiAgICAgIGVuYWJsZWQ6IHRydWUKICAgICAgaW1hZ2VQdWxsU2VjcmV0czogW10KICAgICAgbGFiZWxzOiB7fQogICAgICBuYW1lOiAiIgogIGJhY2tpbmdTdG9yZToKICAgIGRhdGFiYXNlOgogICAgICBlbWJlZGRlZDoKICAgICAgICBlbmFibGVkOiBmYWxzZQogICAgICAgIGV4dHJhQXJnczogW10KICAgICAgZXh0ZXJuYWw6CiAgICAgICAgY2FGaWxlOiAiIgogICAgICAgIGNlcnRGaWxlOiAiIgogICAgICAgIGNvbm5lY3RvcjogIiIKICAgICAgICBkYXRhU291cmNlOiAiIgogICAgICAgIGVuYWJsZWQ6IGZhbHNlCiAgICAgICAgZXh0cmFBcmdzOiBbXQogICAgICAgIGtleUZpbGU6ICIiCiAgICBldGNkOgogICAgICBkZXBsb3k6CiAgICAgICAgZW5hYmxlZDogZmFsc2UKICAgICAgICBoZWFkbGVzc1NlcnZpY2U6CiAgICAgICAgICBhbm5vdGF0aW9uczoge30KICAgICAgICBzZXJ2aWNlOgogICAgICAgICAgYW5ub3RhdGlvbnM6IHt9CiAgICAgICAgICBlbmFibGVkOiB0cnVlCiAgICAgICAgc3RhdGVmdWxTZXQ6CiAgICAgICAgICBhbm5vdGF0aW9uczoge30KICAgICAgICAgIGVuYWJsZVNlcnZpY2VMaW5rczogdHJ1ZQogICAgICAgICAgZW5hYmxlZDogdHJ1ZQogICAgICAgICAgZW52OiBbXQogICAgICAgICAgZXh0cmFBcmdzOiBbXQogICAgICAgICAgaGlnaEF2YWlsYWJpbGl0eToKICAgICAgICAgICAgcmVwbGljYXM6IDEKICAgICAgICAgIGltYWdlOgogICAgICAgICAgICByZWdpc3RyeTogcmVnaXN0cnkuazhzLmlvCiAgICAgICAgICAgIHJlcG9zaXRvcnk6IGV0Y2QKICAgICAgICAgICAgdGFnOiAzLjYuNC0wCiAgICAgICAgICBpbWFnZVB1bGxQb2xpY3k6ICIiCiAgICAgICAgICBsYWJlbHM6IHt9CiAgICAgICAgICBwZXJzaXN0ZW5jZToKICAgICAgICAgICAgYWRkVm9sdW1lTW91bnRzOiBbXQogICAgICAgICAgICBhZGRWb2x1bWVzOiBbXQogICAgICAgICAgICB2b2x1bWVDbGFpbToKICAgICAgICAgICAgICBhY2Nlc3NNb2RlczoKICAgICAgICAgICAgICAtIFJlYWRXcml0ZU9uY2UKICAgICAgICAgICAgICBlbmFibGVkOiB0cnVlCiAgICAgICAgICAgICAgcmV0ZW50aW9uUG9saWN5OiBSZXRhaW4KICAgICAgICAgICAgICBzaXplOiA1R2kKICAgICAgICAgICAgICBzdG9yYWdlQ2xhc3M6ICIiCiAgICAgICAgICAgIHZvbHVtZUNsYWltVGVtcGxhdGVzOiBbXQogICAgICAgICAgcG9kczoKICAgICAgICAgICAgYW5ub3RhdGlvbnM6IHt9CiAgICAgICAgICAgIGxhYmVsczoge30KICAgICAgICAgIHJlc291cmNlczoKICAgICAgICAgICAgcmVxdWVzdHM6CiAgICAgICAgICAgICAgY3B1OiAyMG0KICAgICAgICAgICAgICBtZW1vcnk6IDE1ME1pCiAgICAgICAgICBzY2hlZHVsaW5nOgogICAgICAgICAgICBhZmZpbml0eToge30KICAgICAgICAgICAgbm9kZVNlbGVjdG9yOiB7fQogICAgICAgICAgICBwb2RNYW5hZ2VtZW50UG9saWN5OiBQYXJhbGxlbAogICAgICAgICAgICBwcmlvcml0eUNsYXNzTmFtZTogIiIKICAgICAgICAgICAgdG9sZXJhdGlvbnM6IFtdCiAgICAgICAgICAgIHRvcG9sb2d5U3ByZWFkQ29uc3RyYWludHM6IFtdCiAgICAgICAgICBzZWN1cml0eToKICAgICAgICAgICAgY29udGFpbmVyU2VjdXJpdHlDb250ZXh0OiB7fQogICAgICAgICAgICBwb2RTZWN1cml0eUNvbnRleHQ6IHt9CiAgICAgIGVtYmVkZGVkOgogICAgICAgIGVuYWJsZWQ6IGZhbHNlCiAgICAgICAgZXh0cmFBcmdzOiBbXQogICAgICAgIG1pZ3JhdGVGcm9tRGVwbG95ZWRFdGNkOiBmYWxzZQogICAgICBleHRlcm5hbDoKICAgICAgICBlbmFibGVkOiBmYWxzZQogICAgICAgIGVuZHBvaW50OiAiIgogICAgICAgIHRsczoKICAgICAgICAgIGNhRmlsZTogIiIKICAgICAgICAgIGNlcnRGaWxlOiAiIgogICAgICAgICAga2V5RmlsZTogIiIKICBjb3JlZG5zOgogICAgZGVwbG95bWVudDoKICAgICAgYWZmaW5pdHk6IHt9CiAgICAgIGFubm90YXRpb25zOiB7fQogICAgICBpbWFnZTogIiIKICAgICAgbGFiZWxzOiB7fQogICAgICBub2RlU2VsZWN0b3I6IHt9CiAgICAgIHBvZHM6CiAgICAgICAgYW5ub3RhdGlvbnM6IHt9CiAgICAgICAgbGFiZWxzOiB7fQogICAgICByZXBsaWNhczogMQogICAgICByZXNvdXJjZXM6CiAgICAgICAgbGltaXRzOgogICAgICAgICAgY3B1OiAxMDAwbQogICAgICAgICAgbWVtb3J5OiAxNzBNaQogICAgICAgIHJlcXVlc3RzOgogICAgICAgICAgY3B1OiAyMG0KICAgICAgICAgIG1lbW9yeTogNjRNaQogICAgICB0b2xlcmF0aW9uczogW10KICAgICAgdG9wb2xvZ3lTcHJlYWRDb25zdHJhaW50czoKICAgICAgLSBsYWJlbFNlbGVjdG9yOgogICAgICAgICAgbWF0Y2hMYWJlbHM6CiAgICAgICAgICAgIGs4cy1hcHA6IHZjbHVzdGVyLWt1YmUtZG5zCiAgICAgICAgbWF4U2tldzogMQogICAgICAgIHRvcG9sb2d5S2V5OiBrdWJlcm5ldGVzLmlvL2hvc3RuYW1lCiAgICAgICAgd2hlblVuc2F0aXNmaWFibGU6IERvTm90U2NoZWR1bGUKICAgIGVtYmVkZGVkOiBmYWxzZQogICAgZW5hYmxlZDogdHJ1ZQogICAgb3ZlcndyaXRlQ29uZmlnOiAiIgogICAgb3ZlcndyaXRlTWFuaWZlc3RzOiAiIgogICAgcHJpb3JpdHlDbGFzc05hbWU6ICIiCiAgICBzZWN1cml0eToKICAgICAgY29udGFpbmVyU2VjdXJpdHlDb250ZXh0OiB7fQogICAgICBwb2RTZWN1cml0eUNvbnRleHQ6IHt9CiAgICBzZXJ2aWNlOgogICAgICBhbm5vdGF0aW9uczoge30KICAgICAgbGFiZWxzOiB7fQogICAgICBzcGVjOgogICAgICAgIHR5cGU6IENsdXN0ZXJJUAogIGRpc3RybzoKICAgIGszczoKICAgICAgY29tbWFuZDogW10KICAgICAgZW5hYmxlZDogZmFsc2UKICAgICAgZXh0cmFBcmdzOiBbXQogICAgICBpbWFnZToKICAgICAgICByZWdpc3RyeTogIiIKICAgICAgICByZXBvc2l0b3J5OiByYW5jaGVyL2szcwogICAgICAgIHRhZzogdjEuMzMuMy1rM3MxCiAgICAgIGltYWdlUHVsbFBvbGljeTogIiIKICAgICAgcmVzb3VyY2VzOgogICAgICAgIGxpbWl0czoKICAgICAgICAgIGNwdTogMTAwbQogICAgICAgICAgbWVtb3J5OiAyNTZNaQogICAgICAgIHJlcXVlc3RzOgogICAgICAgICAgY3B1OiA0MG0KICAgICAgICAgIG1lbW9yeTogNjRNaQogICAgICBzZWN1cml0eUNvbnRleHQ6IHt9CiAgICBrOHM6CiAgICAgIGFwaVNlcnZlcjoKICAgICAgICBjb21tYW5kOiBbXQogICAgICAgIGVuYWJsZWQ6IHRydWUKICAgICAgICBleHRyYUFyZ3M6CiAgICAgICAgLSAtLW9pZGMtaXNzdWVyLXVybD1odHRwczovL2lkLmxvY2FsL2F1dGgvcmVhbG1zL2xvY2FsCiAgICAgICAgLSAtLW9pZGMtY2xpZW50LWlkPWxvY2FsCiAgICAgICAgLSAtLW9pZGMtdXNlcm5hbWUtY2xhaW09ZW1haWwKICAgICAgICAtIC0tb2lkYy1ncm91cHMtY2xhaW09Z3JvdXBzCiAgICAgIGNvbnRyb2xsZXJNYW5hZ2VyOgogICAgICAgIGNvbW1hbmQ6IFtdCiAgICAgICAgZW5hYmxlZDogdHJ1ZQogICAgICAgIGV4dHJhQXJnczogW10KICAgICAgZW5hYmxlZDogdHJ1ZQogICAgICBlbnY6IFtdCiAgICAgIGltYWdlOgogICAgICAgIHJlZ2lzdHJ5OiBnaGNyLmlvCiAgICAgICAgcmVwb3NpdG9yeTogbG9mdC1zaC9rdWJlcm5ldGVzCiAgICAgICAgdGFnOiB2MS4zMi45CiAgICAgIGltYWdlUHVsbFBvbGljeTogIiIKICAgICAgcmVzb3VyY2VzOgogICAgICAgIGxpbWl0czoKICAgICAgICAgIGNwdTogMTAwbQogICAgICAgICAgbWVtb3J5OiAyNTZNaQogICAgICAgIHJlcXVlc3RzOgogICAgICAgICAgY3B1OiA0MG0KICAgICAgICAgIG1lbW9yeTogNjRNaQogICAgICBzY2hlZHVsZXI6CiAgICAgICAgY29tbWFuZDogW10KICAgICAgICBlbmFibGVkOiBmYWxzZQogICAgICAgIGV4dHJhQXJnczogW10KICAgICAgc2VjdXJpdHlDb250ZXh0OiB7fQogICAgICB2ZXJzaW9uOiAiIgogIGluZ3Jlc3M6CiAgICBhbm5vdGF0aW9uczoKICAgICAgY2VydC1tYW5hZ2VyLmlvL2NsdXN0ZXItaXNzdWVyOiBsZXRzZW5jcnlwdC1wcm9kdWN0aW9uCiAgICAgIG5naW54LmluZ3Jlc3Mua3ViZXJuZXRlcy5pby9iYWNrZW5kLXByb3RvY29sOiBIVFRQUwogICAgICBuZ2lueC5pbmdyZXNzLmt1YmVybmV0ZXMuaW8vc3NsLXBhc3N0aHJvdWdoOiAidHJ1ZSIKICAgICAgbmdpbnguaW5ncmVzcy5rdWJlcm5ldGVzLmlvL3NzbC1yZWRpcmVjdDogInRydWUiCiAgICBlbmFibGVkOiB0cnVlCiAgICBob3N0OiB0ZXN0Y2x1c3Rlci5sb2NhbAogICAgbGFiZWxzOiB7fQogICAgcGF0aFR5cGU6IEltcGxlbWVudGF0aW9uU3BlY2lmaWMKICAgIHNwZWM6CiAgICAgIHRsczoKICAgICAgLSBob3N0czoKICAgICAgICAtIHRlc3RjbHVzdGVyLmxvY2FsCiAgICAgICAgc2VjcmV0TmFtZTogb2lkYy10bHMKICBwcm94eToKICAgIGJpbmRBZGRyZXNzOiAwLjAuMC4wCiAgICBleHRyYVNBTnM6IFtdCiAgICBwb3J0OiA4NDQzCiAgc2VydmljZToKICAgIGFubm90YXRpb25zOiB7fQogICAgZW5hYmxlZDogdHJ1ZQogICAgaHR0cHNOb2RlUG9ydDogMAogICAga3ViZWxldE5vZGVQb3J0OiAwCiAgICBsYWJlbHM6IHt9CiAgICBzcGVjOgogICAgICB0eXBlOiBDbHVzdGVySVAKICBzZXJ2aWNlTW9uaXRvcjoKICAgIGFubm90YXRpb25zOiB7fQogICAgZW5hYmxlZDogZmFsc2UKICAgIGxhYmVsczoge30KICBzdGFuZGFsb25lOgogICAgZGF0YURpcjogL3Zhci9saWIvdmNsdXN0ZXIKICAgIGpvaW5Ob2RlOgogICAgICBjb250YWluZXJkOgogICAgICAgIGVuYWJsZWQ6IHRydWUKICAgICAgZW5hYmxlZDogdHJ1ZQogIHN0YXRlZnVsU2V0OgogICAgYW5ub3RhdGlvbnM6IHt9CiAgICBhcmdzOiBbXQogICAgY29tbWFuZDogW10KICAgIGVuYWJsZVNlcnZpY2VMaW5rczogdHJ1ZQogICAgZW52OiBbXQogICAgaGlnaEF2YWlsYWJpbGl0eToKICAgICAgbGVhc2VEdXJhdGlvbjogNjAKICAgICAgcmVuZXdEZWFkbGluZTogNDAKICAgICAgcmVwbGljYXM6IDEKICAgICAgcmV0cnlQZXJpb2Q6IDE1CiAgICBpbWFnZToKICAgICAgcmVnaXN0cnk6IGdoY3IuaW8KICAgICAgcmVwb3NpdG9yeTogbG9mdC1zaC92Y2x1c3Rlci1vc3MKICAgICAgdGFnOiAwLjI5LjEKICAgIGltYWdlUHVsbFBvbGljeTogIiIKICAgIGxhYmVsczoge30KICAgIHBlcnNpc3RlbmNlOgogICAgICBhZGRWb2x1bWVNb3VudHM6IFtdCiAgICAgIGFkZFZvbHVtZXM6IFtdCiAgICAgIGJpbmFyaWVzVm9sdW1lOgogICAgICAtIGVtcHR5RGlyOiB7fQogICAgICAgIG5hbWU6IGJpbmFyaWVzCiAgICAgIGRhdGFWb2x1bWU6IFtdCiAgICAgIHZvbHVtZUNsYWltOgogICAgICAgIGFjY2Vzc01vZGVzOgogICAgICAgIC0gUmVhZFdyaXRlT25jZQogICAgICAgIGVuYWJsZWQ6IGZhbHNlCiAgICAgICAgcmV0ZW50aW9uUG9saWN5OiBSZXRhaW4KICAgICAgICBzaXplOiA1R2kKICAgICAgdm9sdW1lQ2xhaW1UZW1wbGF0ZXM6IFtdCiAgICBwb2RzOgogICAgICBhbm5vdGF0aW9uczoge30KICAgICAgbGFiZWxzOiB7fQogICAgcHJvYmVzOgogICAgICBsaXZlbmVzc1Byb2JlOgogICAgICAgIGVuYWJsZWQ6IHRydWUKICAgICAgICBmYWlsdXJlVGhyZXNob2xkOiA2MAogICAgICAgIGluaXRpYWxEZWxheVNlY29uZHM6IDYwCiAgICAgICAgcGVyaW9kU2Vjb25kczogMgogICAgICAgIHRpbWVvdXRTZWNvbmRzOiAzCiAgICAgIHJlYWRpbmVzc1Byb2JlOgogICAgICAgIGVuYWJsZWQ6IHRydWUKICAgICAgICBmYWlsdXJlVGhyZXNob2xkOiA2MAogICAgICAgIHBlcmlvZFNlY29uZHM6IDIKICAgICAgICB0aW1lb3V0U2Vjb25kczogMwogICAgICBzdGFydHVwUHJvYmU6CiAgICAgICAgZW5hYmxlZDogdHJ1ZQogICAgICAgIGZhaWx1cmVUaHJlc2hvbGQ6IDMwMAogICAgICAgIHBlcmlvZFNlY29uZHM6IDYKICAgICAgICB0aW1lb3V0U2Vjb25kczogMwogICAgcmVzb3VyY2VzOgogICAgICBsaW1pdHM6CiAgICAgICAgZXBoZW1lcmFsLXN0b3JhZ2U6IDhHaQogICAgICAgIG1lbW9yeTogMkdpCiAgICAgIHJlcXVlc3RzOgogICAgICAgIGNwdTogMjAwbQogICAgICAgIGVwaGVtZXJhbC1zdG9yYWdlOiAxR2kKICAgICAgICBtZW1vcnk6IDI1Nk1pCiAgICBzY2hlZHVsaW5nOgogICAgICBhZmZpbml0eToge30KICAgICAgbm9kZVNlbGVjdG9yOiB7fQogICAgICBwb2RNYW5hZ2VtZW50UG9saWN5OiBQYXJhbGxlbAogICAgICBwcmlvcml0eUNsYXNzTmFtZTogIiIKICAgICAgdG9sZXJhdGlvbnM6IFtdCiAgICAgIHRvcG9sb2d5U3ByZWFkQ29uc3RyYWludHM6IFtdCiAgICBzZWN1cml0eToKICAgICAgY29udGFpbmVyU2VjdXJpdHlDb250ZXh0OgogICAgICAgIGFsbG93UHJpdmlsZWdlRXNjYWxhdGlvbjogZmFsc2UKICAgICAgcG9kU2VjdXJpdHlDb250ZXh0OiB7fQogICAgd29ya2luZ0RpcjogIiIKZGVwbG95OgogIGNuaToKICAgIGZsYW5uZWw6CiAgICAgIGVuYWJsZWQ6IHRydWUKICBpbmdyZXNzTmdpbng6CiAgICBkZWZhdWx0SW5ncmVzc0NsYXNzOiB0cnVlCiAgICBlbmFibGVkOiBmYWxzZQogIGt1YmVQcm94eToKICAgIGNvbmZpZzoge30KICAgIGVuYWJsZWQ6IHRydWUKICAgIGV4dHJhQXJnczogW10KICAgIGV4dHJhRW52OiBbXQogICAgaW1hZ2U6ICIiCiAgICBpbWFnZVB1bGxQb2xpY3k6ICIiCiAgICBub2RlU2VsZWN0b3I6IHt9CiAgICB0b2xlcmF0aW9uczogW10KICBsb2NhbFBhdGhQcm92aXNpb25lcjoKICAgIGVuYWJsZWQ6IHRydWUKICBtZXRhbGxiOgogICAgZW5hYmxlZDogZmFsc2UKICAgIGlwQWRkcmVzc1Bvb2w6CiAgICAgIGFkZHJlc3NlczogW10KICAgICAgbDJBZHZlcnRpc2VtZW50OiB0cnVlCiAgbWV0cmljc1NlcnZlcjoKICAgIGVuYWJsZWQ6IGZhbHNlCiAgdm9sdW1lU25hcHNob3RDb250cm9sbGVyOgogICAgZW5hYmxlZDogZmFsc2UKZXhwZXJpbWVudGFsOgogIGRlcGxveToKICAgIGhvc3Q6CiAgICAgIG1hbmlmZXN0czogIiIKICAgICAgbWFuaWZlc3RzVGVtcGxhdGU6ICIiCiAgICB2Y2x1c3RlcjoKICAgICAgaGVsbTogW10KICAgICAgbWFuaWZlc3RzOiB8LQogICAgICAgIGtpbmQ6IENsdXN0ZXJSb2xlQmluZGluZwogICAgICAgIGFwaVZlcnNpb246IHJiYWMuYXV0aG9yaXphdGlvbi5rOHMuaW8vdjEKICAgICAgICBtZXRhZGF0YToKICAgICAgICAgIG5hbWU6IG9pZGMtY2x1c3Rlci1hZG1pbgogICAgICAgIHJvbGVSZWY6CiAgICAgICAgICBhcGlHcm91cDogcmJhYy5hdXRob3JpemF0aW9uLms4cy5pbwogICAgICAgICAga2luZDogQ2x1c3RlclJvbGUKICAgICAgICAgIG5hbWU6IGNsdXN0ZXItYWRtaW4KICAgICAgICBzdWJqZWN0czoKICAgICAgICAgIC0ga2luZDogR3JvdXAKICAgICAgICAgICAgbmFtZTogYWRtaW4KICAgICAgbWFuaWZlc3RzVGVtcGxhdGU6ICIiCiAgc3luY1NldHRpbmdzOgogICAgc2V0T3duZXI6IHRydWUKZXhwb3J0S3ViZUNvbmZpZzoKICBjb250ZXh0OiAiIgogIGluc2VjdXJlOiBmYWxzZQogIHNlY3JldDoKICAgIG5hbWU6ICIiCiAgICBuYW1lc3BhY2U6ICIiCiAgc2VydmVyOiBodHRwczovL3Rlc3RjbHVzdGVyLmxvY2FsCiAgc2VydmljZUFjY291bnQ6CiAgICBjbHVzdGVyUm9sZTogY2x1c3Rlci1hZG1pbgogICAgbmFtZTogb2lkYy1hZG1pbgogICAgbmFtZXNwYWNlOiAiIgpleHRlcm5hbDoge30KaW50ZWdyYXRpb25zOgogIGNlcnRNYW5hZ2VyOgogICAgZW5hYmxlZDogZmFsc2UKICAgIHN5bmM6CiAgICAgIGZyb21Ib3N0OgogICAgICAgIGNsdXN0ZXJJc3N1ZXJzOgogICAgICAgICAgZW5hYmxlZDogdHJ1ZQogICAgICAgICAgc2VsZWN0b3I6CiAgICAgICAgICAgIGxhYmVsczoge30KICAgICAgdG9Ib3N0OgogICAgICAgIGNlcnRpZmljYXRlczoKICAgICAgICAgIGVuYWJsZWQ6IHRydWUKICAgICAgICBpc3N1ZXJzOgogICAgICAgICAgZW5hYmxlZDogdHJ1ZQogIGV4dGVybmFsU2VjcmV0czoKICAgIGVuYWJsZWQ6IGZhbHNlCiAgICBzeW5jOgogICAgICBmcm9tSG9zdDoKICAgICAgICBjbHVzdGVyU3RvcmVzOgogICAgICAgICAgZW5hYmxlZDogZmFsc2UKICAgICAgICAgIHNlbGVjdG9yOgogICAgICAgICAgICBtYXRjaExhYmVsczoge30KICAgICAgdG9Ib3N0OgogICAgICAgIGV4dGVybmFsU2VjcmV0czoKICAgICAgICAgIHNlbGVjdG9yOgogICAgICAgICAgICBtYXRjaExhYmVsczoge30KICAgICAgICBzdG9yZXM6CiAgICAgICAgICBlbmFibGVkOiBmYWxzZQogICAgICAgICAgc2VsZWN0b3I6CiAgICAgICAgICAgIG1hdGNoTGFiZWxzOiB7fQogICAgd2ViaG9vazoKICAgICAgZW5hYmxlZDogZmFsc2UKICBpc3RpbzoKICAgIGVuYWJsZWQ6IGZhbHNlCiAgICBzeW5jOgogICAgICB0b0hvc3Q6CiAgICAgICAgZGVzdGluYXRpb25SdWxlczoKICAgICAgICAgIGVuYWJsZWQ6IHRydWUKICAgICAgICBnYXRld2F5czoKICAgICAgICAgIGVuYWJsZWQ6IHRydWUKICAgICAgICB2aXJ0dWFsU2VydmljZXM6CiAgICAgICAgICBlbmFibGVkOiB0cnVlCiAga3ViZVZpcnQ6CiAgICBlbmFibGVkOiBmYWxzZQogICAgc3luYzoKICAgICAgZGF0YVZvbHVtZXM6CiAgICAgICAgZW5hYmxlZDogZmFsc2UKICAgICAgdmlydHVhbE1hY2hpbmVDbG9uZXM6CiAgICAgICAgZW5hYmxlZDogdHJ1ZQogICAgICB2aXJ0dWFsTWFjaGluZUluc3RhbmNlTWlncmF0aW9uczoKICAgICAgICBlbmFibGVkOiB0cnVlCiAgICAgIHZpcnR1YWxNYWNoaW5lSW5zdGFuY2VzOgogICAgICAgIGVuYWJsZWQ6IHRydWUKICAgICAgdmlydHVhbE1hY2hpbmVQb29sczoKICAgICAgICBlbmFibGVkOiB0cnVlCiAgICAgIHZpcnR1YWxNYWNoaW5lczoKICAgICAgICBlbmFibGVkOiB0cnVlCiAgICB3ZWJob29rOgogICAgICBlbmFibGVkOiB0cnVlCiAgbWV0cmljc1NlcnZlcjoKICAgIGVuYWJsZWQ6IGZhbHNlCiAgICBub2RlczogdHJ1ZQogICAgcG9kczogdHJ1ZQpsb2dnaW5nOgogIGVuY29kaW5nOiBjb25zb2xlCm5ldHdvcmtpbmc6CiAgYWR2YW5jZWQ6CiAgICBjbHVzdGVyRG9tYWluOiBjbHVzdGVyLmxvY2FsCiAgICBmYWxsYmFja0hvc3RDbHVzdGVyOiBmYWxzZQogICAgcHJveHlLdWJlbGV0czoKICAgICAgYnlIb3N0bmFtZTogdHJ1ZQogICAgICBieUlQOiB0cnVlCiAgcG9kQ0lEUjogMTAuMjQ0LjAuMC8xNgogIHJlcGxpY2F0ZVNlcnZpY2VzOgogICAgZnJvbUhvc3Q6IFtdCiAgICB0b0hvc3Q6IFtdCiAgcmVzb2x2ZUROUzogW10KcGx1Z2luczoge30KcG9saWNpZXM6CiAgY2VudHJhbEFkbWlzc2lvbjoKICAgIG11dGF0aW5nV2ViaG9va3M6IFtdCiAgICB2YWxpZGF0aW5nV2ViaG9va3M6IFtdCiAgbGltaXRSYW5nZToKICAgIGFubm90YXRpb25zOiB7fQogICAgZGVmYXVsdDoKICAgICAgY3B1OiAiMSIKICAgICAgZXBoZW1lcmFsLXN0b3JhZ2U6IDhHaQogICAgICBtZW1vcnk6IDUxMk1pCiAgICBkZWZhdWx0UmVxdWVzdDoKICAgICAgY3B1OiAxMDBtCiAgICAgIGVwaGVtZXJhbC1zdG9yYWdlOiAzR2kKICAgICAgbWVtb3J5OiAxMjhNaQogICAgZW5hYmxlZDogYXV0bwogICAgbGFiZWxzOiB7fQogICAgbWF4OiB7fQogICAgbWluOiB7fQogIG5ldHdvcmtQb2xpY3k6CiAgICBhbm5vdGF0aW9uczoge30KICAgIGVuYWJsZWQ6IGZhbHNlCiAgICBleHRyYUNvbnRyb2xQbGFuZVJ1bGVzOiBbXQogICAgZXh0cmFXb3JrbG9hZFJ1bGVzOiBbXQogICAgZmFsbGJhY2tEbnM6IDguOC44LjgKICAgIGxhYmVsczoge30KICAgIG91dGdvaW5nQ29ubmVjdGlvbnM6CiAgICAgIGlwQmxvY2s6CiAgICAgICAgY2lkcjogMC4wLjAuMC8wCiAgICAgICAgZXhjZXB0OgogICAgICAgIC0gMTAwLjY0LjAuMC8xMAogICAgICAgIC0gMTI3LjAuMC4wLzgKICAgICAgICAtIDEwLjAuMC4wLzgKICAgICAgICAtIDE3Mi4xNi4wLjAvMTIKICAgICAgICAtIDE5Mi4xNjguMC4wLzE2CiAgICAgIHBsYXRmb3JtOiB0cnVlCiAgcmVzb3VyY2VRdW90YToKICAgIGFubm90YXRpb25zOiB7fQogICAgZW5hYmxlZDogYXV0bwogICAgbGFiZWxzOiB7fQogICAgcXVvdGE6CiAgICAgIGNvdW50L2NvbmZpZ21hcHM6IDEwMAogICAgICBjb3VudC9lbmRwb2ludHM6IDQwCiAgICAgIGNvdW50L3BlcnNpc3RlbnR2b2x1bWVjbGFpbXM6IDIwCiAgICAgIGNvdW50L3BvZHM6IDIwCiAgICAgIGNvdW50L3NlY3JldHM6IDEwMAogICAgICBjb3VudC9zZXJ2aWNlczogMjAKICAgICAgbGltaXRzLmNwdTogMjAKICAgICAgbGltaXRzLmVwaGVtZXJhbC1zdG9yYWdlOiAxNjBHaQogICAgICBsaW1pdHMubWVtb3J5OiA0MEdpCiAgICAgIHJlcXVlc3RzLmNwdTogMTAKICAgICAgcmVxdWVzdHMuZXBoZW1lcmFsLXN0b3JhZ2U6IDYwR2kKICAgICAgcmVxdWVzdHMubWVtb3J5OiAyMEdpCiAgICAgIHJlcXVlc3RzLnN0b3JhZ2U6IDEwMEdpCiAgICAgIHNlcnZpY2VzLmxvYWRiYWxhbmNlcnM6IDEKICAgICAgc2VydmljZXMubm9kZXBvcnRzOiAwCiAgICBzY29wZVNlbGVjdG9yOgogICAgICBtYXRjaEV4cHJlc3Npb25zOiBbXQogICAgc2NvcGVzOiBbXQpwcml2YXRlTm9kZXM6CiAgYXV0b05vZGVzOgogICAgZHluYW1pYzogW10KICAgIHN0YXRpYzogW10KICBhdXRvVXBncmFkZToKICAgIGNvbmN1cnJlbmN5OiAxCiAgICBlbmFibGVkOiB0cnVlCiAgZW5hYmxlZDogZmFsc2UKICBqb2luTm9kZToKICAgIGNvbnRhaW5lcmQ6CiAgICAgIGVuYWJsZWQ6IHRydWUKICBrdWJlbGV0OgogICAgY29uZmlnOiB7fQogIHZwbjoKICAgIGVuYWJsZWQ6IGZhbHNlCiAgICBub2RlVG9Ob2RlOgogICAgICBlbmFibGVkOiBmYWxzZQpyYmFjOgogIGNsdXN0ZXJSb2xlOgogICAgZW5hYmxlZDogYXV0bwogICAgZXh0cmFSdWxlczogW10KICAgIG92ZXJ3cml0ZVJ1bGVzOiBbXQogIHJvbGU6CiAgICBlbmFibGVkOiB0cnVlCiAgICBleHRyYVJ1bGVzOgogICAgLSBhcGlHcm91cHM6CiAgICAgIC0gIiIKICAgICAgcmVzb3VyY2VzOgogICAgICAtIGVuZHBvaW50cy9yZXN0cmljdGVkCiAgICAgIHZlcmJzOgogICAgICAtIGNyZWF0ZQogICAgb3ZlcndyaXRlUnVsZXM6IFtdCnN5bmM6CiAgZnJvbUhvc3Q6CiAgICBjb25maWdNYXBzOgogICAgICBlbmFibGVkOiBmYWxzZQogICAgICBtYXBwaW5nczoKICAgICAgICBieU5hbWU6IHt9CiAgICBjc2lEcml2ZXJzOgogICAgICBlbmFibGVkOiBhdXRvCiAgICBjc2lOb2RlczoKICAgICAgZW5hYmxlZDogYXV0bwogICAgY3NpU3RvcmFnZUNhcGFjaXRpZXM6CiAgICAgIGVuYWJsZWQ6IGF1dG8KICAgIGV2ZW50czoKICAgICAgZW5hYmxlZDogdHJ1ZQogICAgaW5ncmVzc0NsYXNzZXM6CiAgICAgIGVuYWJsZWQ6IGZhbHNlCiAgICBub2RlczoKICAgICAgY2xlYXJJbWFnZVN0YXR1czogZmFsc2UKICAgICAgZW5hYmxlZDogZmFsc2UKICAgICAgc2VsZWN0b3I6CiAgICAgICAgYWxsOiBmYWxzZQogICAgICAgIGxhYmVsczoge30KICAgICAgc3luY0JhY2tDaGFuZ2VzOiBmYWxzZQogICAgcHJpb3JpdHlDbGFzc2VzOgogICAgICBlbmFibGVkOiBmYWxzZQogICAgcnVudGltZUNsYXNzZXM6CiAgICAgIGVuYWJsZWQ6IGZhbHNlCiAgICBzZWNyZXRzOgogICAgICBlbmFibGVkOiBmYWxzZQogICAgICBtYXBwaW5nczoKICAgICAgICBieU5hbWU6IHt9CiAgICBzdG9yYWdlQ2xhc3NlczoKICAgICAgZW5hYmxlZDogYXV0bwogICAgdm9sdW1lU25hcHNob3RDbGFzc2VzOgogICAgICBlbmFibGVkOiBmYWxzZQogIHRvSG9zdDoKICAgIGNvbmZpZ01hcHM6CiAgICAgIGFsbDogZmFsc2UKICAgICAgZW5hYmxlZDogdHJ1ZQogICAgZW5kcG9pbnRzOgogICAgICBlbmFibGVkOiB0cnVlCiAgICBpbmdyZXNzZXM6CiAgICAgIGVuYWJsZWQ6IHRydWUKICAgIG5hbWVzcGFjZXM6CiAgICAgIGVuYWJsZWQ6IGZhbHNlCiAgICAgIG1hcHBpbmdzT25seTogZmFsc2UKICAgIG5ldHdvcmtQb2xpY2llczoKICAgICAgZW5hYmxlZDogZmFsc2UKICAgIHBlcnNpc3RlbnRWb2x1bWVDbGFpbXM6CiAgICAgIGVuYWJsZWQ6IHRydWUKICAgIHBlcnNpc3RlbnRWb2x1bWVzOgogICAgICBlbmFibGVkOiBmYWxzZQogICAgcG9kRGlzcnVwdGlvbkJ1ZGdldHM6CiAgICAgIGVuYWJsZWQ6IGZhbHNlCiAgICBwb2RzOgogICAgICBlbmFibGVkOiB0cnVlCiAgICAgIGVuZm9yY2VUb2xlcmF0aW9uczogW10KICAgICAgaHlicmlkU2NoZWR1bGluZzoKICAgICAgICBlbmFibGVkOiBmYWxzZQogICAgICAgIGhvc3RTY2hlZHVsZXJzOiBbXQogICAgICBwcmlvcml0eUNsYXNzTmFtZTogIiIKICAgICAgcmV3cml0ZUhvc3RzOgogICAgICAgIGVuYWJsZWQ6IHRydWUKICAgICAgICBpbml0Q29udGFpbmVyOgogICAgICAgICAgaW1hZ2U6CiAgICAgICAgICAgIHJlZ2lzdHJ5OiBtaXJyb3IuZ2NyLmlvCiAgICAgICAgICAgIHJlcG9zaXRvcnk6IGxpYnJhcnkvYWxwaW5lCiAgICAgICAgICAgIHRhZzogIjMuMjAiCiAgICAgICAgICByZXNvdXJjZXM6CiAgICAgICAgICAgIGxpbWl0czoKICAgICAgICAgICAgICBjcHU6IDMwbQogICAgICAgICAgICAgIG1lbW9yeTogNjRNaQogICAgICAgICAgICByZXF1ZXN0czoKICAgICAgICAgICAgICBjcHU6IDMwbQogICAgICAgICAgICAgIG1lbW9yeTogNjRNaQogICAgICBydW50aW1lQ2xhc3NOYW1lOiAiIgogICAgICB0cmFuc2xhdGVJbWFnZToge30KICAgICAgdXNlU2VjcmV0c0ZvclNBVG9rZW5zOiBmYWxzZQogICAgcHJpb3JpdHlDbGFzc2VzOgogICAgICBlbmFibGVkOiBmYWxzZQogICAgc2VjcmV0czoKICAgICAgYWxsOiBmYWxzZQogICAgICBlbmFibGVkOiB0cnVlCiAgICBzZXJ2aWNlQWNjb3VudHM6CiAgICAgIGVuYWJsZWQ6IGZhbHNlCiAgICBzZXJ2aWNlczoKICAgICAgZW5hYmxlZDogdHJ1ZQogICAgc3RvcmFnZUNsYXNzZXM6CiAgICAgIGVuYWJsZWQ6IGZhbHNlCiAgICB2b2x1bWVTbmFwc2hvdENvbnRlbnRzOgogICAgICBlbmFibGVkOiBmYWxzZQogICAgdm9sdW1lU25hcHNob3RzOgogICAgICBlbmFibGVkOiBmYWxzZQp0ZWxlbWV0cnk6CiAgZW5hYmxlZDogdHJ1ZQ==
kind: Secret
metadata:
  labels:
    app: vcluster
    chart: vcluster-0.29.1
    heritage: Helm
    release: oidc
  name: vc-config-oidc
  namespace: testns
type: Opaque
