apiVersion: rbac.authorization.k8s.io/v1
kind: RoleBinding
metadata:
  labels:
    app: vcluster
    chart: vcluster-0.24.1
    heritage: Helm
    release: oidc
  name: vc-oidc
  namespace: testns
roleRef:
  apiGroup: rbac.authorization.k8s.io
  kind: Role
  name: vc-oidc
subjects:
  - kind: ServiceAccount
    name: vc-oidc
    namespace: testns
