apiVersion: apps/v1
kind: Deployment
metadata:
  labels:
    app: vcluster
    chart: vcluster-0.29.1
    heritage: Helm
    release: oidc
  name: oidc
  namespace: testns
spec:
  replicas: 1
  selector:
    matchLabels:
      app: vcluster
      release: oidc
  strategy:
    rollingUpdate:
      maxSurge: 1
      maxUnavailable: 0
    type: RollingUpdate
  template:
    metadata:
      annotations:
        vClusterConfigHash: 3b114d54ddf3d04ac849a6caaf44271f7c3288765f3b651a60150edd5e727618
      labels:
        app: vcluster
        release: oidc
    spec:
      containers:
        - env:
            - name: VCLUSTER_NAME
              value: oidc
            - name: LOFT_LOG_ENCODING
              value: console
            - name: POD_NAME
              valueFrom:
                fieldRef:
                  fieldPath: metadata.name
            - name: POD_IP
              valueFrom:
                fieldRef:
                  fieldPath: status.podIP
            - name: NODE_NAME
              valueFrom:
                fieldRef:
                  fieldPath: spec.nodeName
            - name: NODE_IP
              valueFrom:
                fieldRef:
                  fieldPath: status.hostIP
          image: ghcr.io/loft-sh/vcluster-oss:0.24.1
          imagePullPolicy: null
          livenessProbe:
            failureThreshold: 60
            httpGet:
              path: /healthz
              port: 8443
              scheme: HTTPS
            initialDelaySeconds: 60
            periodSeconds: 2
            timeoutSeconds: 3
          name: syncer
          readinessProbe:
            failureThreshold: 60
            httpGet:
              path: /readyz
              port: 8443
              scheme: HTTPS
            periodSeconds: 2
            timeoutSeconds: 3
          resources:
            limits:
              ephemeral-storage: 8Gi
              memory: 2Gi
            requests:
              cpu: 200m
              ephemeral-storage: 1Gi
              memory: 256Mi
          securityContext:
            allowPrivilegeEscalation: false
          startupProbe:
            failureThreshold: 300
            httpGet:
              path: /readyz
              port: 8443
              scheme: HTTPS
            periodSeconds: 6
            timeoutSeconds: 3
          volumeMounts:
            - mountPath: /data
              name: data
            - mountPath: /binaries
              name: binaries
            - mountPath: /pki
              name: certs
            - mountPath: /.cache/helm
              name: helm-cache
            - mountPath: /etc/rancher
              name: k3s-config
            - mountPath: /var/lib/vcluster
              name: vcluster-config
            - mountPath: /tmp
              name: tmp
      enableServiceLinks: true
      initContainers:
        - args:
            - -c
            - cp /bin/k3s /binaries/k3s
          command:
            - /bin/sh
          image: docker.io/rancher/k3s:v1.32.9-k3s1
          name: vcluster
          resources:
            limits:
              cpu: 100m
              memory: 256Mi
            requests:
              cpu: 40m
              memory: 64Mi
          securityContext: {}
          volumeMounts:
            - mountPath: /binaries
              name: binaries
      serviceAccountName: vc-oidc
      terminationGracePeriodSeconds: 10
      volumes:
        - emptyDir: {}
          name: helm-cache
        - emptyDir: {}
          name: binaries
        - emptyDir: {}
          name: tmp
        - emptyDir: {}
          name: certs
        - emptyDir: {}
          name: k3s-config
        - name: vcluster-config
          secret:
            secretName: vc-config-oidc
        - emptyDir: {}
          name: data
