apiVersion: v1
kind: ServiceAccount
metadata:
  labels:
    app: vcluster
    chart: vcluster-0.24.1
    heritage: Helm
    release: oidc
  name: vc-workload-oidc
  namespace: testns
