apiVersion: v1
kind: Namespace
metadata:
  annotations: {}
  labels:
    name: testns
  name: testns
